###############################################################################
#
# IAR ELF Linker V7.30.1.7746/W32 for ARM                 28/Sep/2015  14:43:42
# Copyright 2007-2014 IAR Systems AB.
#
#    Output file  =  
#        C:\SiliconLabs\Thread-1.0.1\app\Thread_Sample_Client\build\exe\Thread_Sample_Client.out
#    Map file     =  
#        C:\SiliconLabs\Thread-1.0.1\app\Thread_Sample_Client\build\lst\Thread_Sample_Client.map
#    Command line =  
#        C:\SiliconLabs\Thread-1.0.1\app\Thread_Sample_Client\build\obj\adc.o
#        C:\SiliconLabs\Thread-1.0.1\app\Thread_Sample_Client\build\obj\address-configuration-debug.o
#        C:\SiliconLabs\Thread-1.0.1\app\Thread_Sample_Client\build\obj\assert-crash-handlers.o
#        C:\SiliconLabs\Thread-1.0.1\app\Thread_Sample_Client\build\obj\bootloader-interface-app.o
#        C:\SiliconLabs\Thread-1.0.1\app\Thread_Sample_Client\build\obj\bootloader-interface.o
#        C:\SiliconLabs\Thread-1.0.1\app\Thread_Sample_Client\build\obj\button.o
#        C:\SiliconLabs\Thread-1.0.1\app\Thread_Sample_Client\build\obj\buzzer.o
#        C:\SiliconLabs\Thread-1.0.1\app\Thread_Sample_Client\build\obj\callbacks.o
#        C:\SiliconLabs\Thread-1.0.1\app\Thread_Sample_Client\build\obj\cli.o
#        C:\SiliconLabs\Thread-1.0.1\app\Thread_Sample_Client\build\obj\client-implementation.o
#        C:\SiliconLabs\Thread-1.0.1\app\Thread_Sample_Client\build\obj\coap-cli.o
#        C:\SiliconLabs\Thread-1.0.1\app\Thread_Sample_Client\build\obj\command-interpreter2-error.o
#        C:\SiliconLabs\Thread-1.0.1\app\Thread_Sample_Client\build\obj\command-interpreter2-util.o
#        C:\SiliconLabs\Thread-1.0.1\app\Thread_Sample_Client\build\obj\command-interpreter2.o
#        C:\SiliconLabs\Thread-1.0.1\app\Thread_Sample_Client\build\obj\crc.o
#        C:\SiliconLabs\Thread-1.0.1\app\Thread_Sample_Client\build\obj\cstartup-common.o
#        C:\SiliconLabs\Thread-1.0.1\app\Thread_Sample_Client\build\obj\debug-print.o
#        C:\SiliconLabs\Thread-1.0.1\app\Thread_Sample_Client\build\obj\dhcp-client.o
#        C:\SiliconLabs\Thread-1.0.1\app\Thread_Sample_Client\build\obj\diagnostic.o
#        C:\SiliconLabs\Thread-1.0.1\app\Thread_Sample_Client\build\obj\em_usbd.o
#        C:\SiliconLabs\Thread-1.0.1\app\Thread_Sample_Client\build\obj\em_usbdch9.o
#        C:\SiliconLabs\Thread-1.0.1\app\Thread_Sample_Client\build\obj\em_usbdep.o
#        C:\SiliconLabs\Thread-1.0.1\app\Thread_Sample_Client\build\obj\em_usbhal.o
#        C:\SiliconLabs\Thread-1.0.1\app\Thread_Sample_Client\build\obj\em_usbint.o
#        C:\SiliconLabs\Thread-1.0.1\app\Thread_Sample_Client\build\obj\em_usbtimer.o
#        C:\SiliconLabs\Thread-1.0.1\app\Thread_Sample_Client\build\obj\ember-ip-configuration.o
#        C:\SiliconLabs\Thread-1.0.1\app\Thread_Sample_Client\build\obj\endian.o
#        C:\SiliconLabs\Thread-1.0.1\app\Thread_Sample_Client\build\obj\faults.o
#        C:\SiliconLabs\Thread-1.0.1\app\Thread_Sample_Client\build\obj\global-address-prefix-debug.o
#        C:\SiliconLabs\Thread-1.0.1\build\hal-library-cortexm3-iar-em3588-em3xx\hal-library.a
#        C:\SiliconLabs\Thread-1.0.1\app\Thread_Sample_Client\build\obj\heartbeat.o
#        C:\SiliconLabs\Thread-1.0.1\app\Thread_Sample_Client\build\obj\icmp-cli.o
#        C:\SiliconLabs\Thread-1.0.1\app\Thread_Sample_Client\build\obj\icmp-debug.o
#        C:\SiliconLabs\Thread-1.0.1\app\Thread_Sample_Client\build\obj\idle-sleep.o
#        C:\SiliconLabs\Thread-1.0.1\app\Thread_Sample_Client\build\obj\isr-stubs.o
#        C:\SiliconLabs\Thread-1.0.1\app\Thread_Sample_Client\build\obj\led.o
#        C:\SiliconLabs\Thread-1.0.1\app\Thread_Sample_Client\build\obj\main.o
#        C:\SiliconLabs\Thread-1.0.1\app\Thread_Sample_Client\build\obj\mem-util.o
#        C:\SiliconLabs\Thread-1.0.1\app\Thread_Sample_Client\build\obj\mfg-token.o
#        C:\SiliconLabs\Thread-1.0.1\build\mfglib-library-cortexm3-iar-em3588-em3xx\mfglib-library.a
#        C:\SiliconLabs\Thread-1.0.1\app\Thread_Sample_Client\build\obj\micro-common.o
#        C:\SiliconLabs\Thread-1.0.1\app\Thread_Sample_Client\build\obj\micro.o
#        C:\SiliconLabs\Thread-1.0.1\app\Thread_Sample_Client\build\obj\mpu.o
#        C:\SiliconLabs\Thread-1.0.1\app\Thread_Sample_Client\build\obj\network-management-cli.o
#        C:\SiliconLabs\Thread-1.0.1\app\Thread_Sample_Client\build\obj\random.o
#        C:\SiliconLabs\Thread-1.0.1\app\Thread_Sample_Client\build\obj\scan-debug.o
#        C:\SiliconLabs\Thread-1.0.1\app\Thread_Sample_Client\build\obj\serial-printf.o
#        C:\SiliconLabs\Thread-1.0.1\app\Thread_Sample_Client\build\obj\serial.o
#        C:\SiliconLabs\Thread-1.0.1\app\Thread_Sample_Client\build\obj\sim-eeprom.o
#        C:\SiliconLabs\Thread-1.0.1\build\sim-eeprom1-library-cortexm3-iar-em3588-em3xx\sim-eeprom1-library.a
#        C:\SiliconLabs\Thread-1.0.1\app\Thread_Sample_Client\build\obj\slaac-client.o
#        C:\SiliconLabs\Thread-1.0.1\app\Thread_Sample_Client\build\obj\sleep.o
#        C:\SiliconLabs\Thread-1.0.1\app\Thread_Sample_Client\build\obj\tftp-15-4.o
#        C:\SiliconLabs\Thread-1.0.1\app\Thread_Sample_Client\build\obj\tftp-bootload.o
#        C:\SiliconLabs\Thread-1.0.1\app\Thread_Sample_Client\build\obj\tftp-bootloader-15-4.o
#        C:\SiliconLabs\Thread-1.0.1\app\Thread_Sample_Client\build\obj\tftp-bootloader-server.o
#        C:\SiliconLabs\Thread-1.0.1\app\Thread_Sample_Client\build\obj\tftp-bootloader.o
#        C:\SiliconLabs\Thread-1.0.1\app\Thread_Sample_Client\build\obj\tftp-server.o
#        C:\SiliconLabs\Thread-1.0.1\app\Thread_Sample_Client\build\obj\tftp.o
#        C:\SiliconLabs\Thread-1.0.1\app\Thread_Sample_Client\build\obj\thread-bookkeeping.o
#        C:\SiliconLabs\Thread-1.0.1\app\Thread_Sample_Client\build\obj\thread-callback-stubs.o
#        C:\SiliconLabs\Thread-1.0.1\app\Thread_Sample_Client\build\obj\thread-callbacks.o
#        C:\SiliconLabs\Thread-1.0.1\app\Thread_Sample_Client\build\obj\thread-cli.o
#        C:\SiliconLabs\Thread-1.0.1\app\Thread_Sample_Client\build\obj\thread-events.o
#        C:\SiliconLabs\Thread-1.0.1\build\thread-stack-cortexm3-iar-em3588-em3xx\thread-stack.a
#        C:\SiliconLabs\Thread-1.0.1\app\Thread_Sample_Client\build\obj\token-def.o
#        C:\SiliconLabs\Thread-1.0.1\app\Thread_Sample_Client\build\obj\token.o
#        C:\SiliconLabs\Thread-1.0.1\app\Thread_Sample_Client\build\obj\uart.o
#        C:\SiliconLabs\Thread-1.0.1\app\Thread_Sample_Client\build\obj\udp-cli.o
#        C:\SiliconLabs\Thread-1.0.1\app\Thread_Sample_Client\build\obj\version-debug.o
#        --redirect _Printf=_PrintfFull --redirect _Scanf=_ScanfFull -o
#        C:\SiliconLabs\Thread-1.0.1\app\Thread_Sample_Client\build\exe\Thread_Sample_Client.out
#        --config_def APP_BTL=1 --map
#        C:\SiliconLabs\Thread-1.0.1\app\Thread_Sample_Client\build\lst\Thread_Sample_Client.map
#        --log initialization,modules,sections,veneers --log_file
#        C:\SiliconLabs\Thread-1.0.1\app\Thread_Sample_Client\build\lst\Thread_Sample_Client.log
#        --config
#        C:\SiliconLabs\Thread-1.0.1\app\Thread_Sample_Client\..\..\hal\micro\cortexm3\em35x\em3588\iar-cfg.icf
#        --diag_suppress Lp012 --entry halEntryPoint --vfe
#
###############################################################################

*******************************************************************************
*** RUNTIME MODEL ATTRIBUTES
***

CppFlavor                   = *
__SystemLibrary             = DLib
__dlib_jmp_buf_num_elements = 8


*******************************************************************************
*** PLACEMENT SUMMARY
***

"BAT": place at 0x08000000 { section BAT };
"HEADERS":
       place at start of [0x08004000-0x080040ff] { block HEADER_block };
"APP ro":
       place at start of [0x08004100-0x0807ffff] { block APPRO_block };
"NVM&SIMEE":
       place at end of [0x08004100-0x0807ffff] {
          zi section NVM, zi section SIMEE, zi section INTERNAL_STORAGE };
"FAT": place at 0x08080000 { section FAT };
"DEBUGCHAN":
       place at start of [0x2000fff0-0x2000ffff] { rw section DEBUG_CHANNEL };
"APP rw":
       place at end of [0x20000000-0x2000ffef] { block APPRW_block };
"Heap":
       place at start of [0x20000000-0x2000ffef] { overlay EMHEAP_overlay };
"Guard":
       place in [from 0x20000000 to 0x2000ffef] { rw section GUARD_REGION };

  Section                 Kind        Address     Size  Object
  -------                 ----        -------     ----  ------
"BAT":                                            0x54
  BAT                     uninit   0x08000000     0x54  cstartup-common.o [1]
                                 - 0x08000054     0x54

"HEADERS":                                        0xac
  HEADER_block                     0x08004000     0xac  <Block>
    AAT                   const    0x08004000     0xac  cstartup-common.o [1]
                                 - 0x080040ac     0xac

"APP ro":                                      0x2c058
  APPRO_block                      0x08004100  0x2c058  <Block>
    .intvec               const    0x08004100     0x90  cstartup-common.o [1]
    .text                          0x08004190  0x297ca  <Block>
      .text               ro code  0x08004190    0x2b4  adc.o [1]
      .text               ro code  0x08004444     0xec  micro-common.o [1]
      .text               ro code  0x08004530      0xc  spmr.o [4]
      .text               ro code  0x0800453c      0x6  spmr.o [4]
      .text               ro code  0x08004544    0x5d0  analogue.o [8]
      .text               ro code  0x08004b14      0xe  spmr.o [4]
      .text               ro code  0x08004b24    0x200  assert-crash-handlers.o [1]
      .text               ro code  0x08004d24    0x1c8  micro-common-internal.o [4]
      .text               ro code  0x08004eec    0x5c4  clocks.o [4]
      .text               ro code  0x080054b0     0xec  analogue-cell-bias.o [8]
      .text               ro code  0x0800559c     0x68  mfg-token.o [1]
      .text               ro code  0x08005604    0x110  token.o [1]
      .text               ro code  0x08005714    0x544  phy.o [8]
      .text               ro code  0x08005c58     0x50  analogue-filter.o [8]
      .text               ro code  0x08005ca8    0x818  phy-common.o [8]
      .text               ro code  0x080064c0    0x314  micro.o [1]
      .text               ro code  0x080067d4     0xd0  analogue-vco.o [8]
      .text               ro code  0x080068a4    0x274  analogue-mod-dac.o [8]
      .text               ro code  0x08006b18    0x1aa  analogue-lna.o [8]
      .text               ro code  0x08006cc4    0x124  caladc.o [4]
      .text               ro code  0x08006de8    0x2a8  debug.o [8]
      .text               ro code  0x08007090    0x2d4  serial.o [1]
      .text               ro code  0x08007364    0x188  micro-internal.o [4]
      .text               ro code  0x080074ec      0x6  ABImemclr4.o [6]
      .text               ro code  0x080074f4      0x4  spmr.o [4]
      .text               ro code  0x080074f8      0x8  context-switch.o [4]
      .text               ro code  0x08007500      0xe  spmr.o [4]
      .text               ro code  0x08007510      0x4  spmr.o [4]
      .text               ro code  0x08007514     0xf6  mem-util.o [1]
      .text               ro code  0x0800760c    0x12c  sim-eeprom.o [1]
      .text               ro code  0x08007738    0xb44  sim-eeprom-internal.o [7]
      .text               ro code  0x0800827c     0xa4  child-table.o [8]
      .text               ro code  0x08008320    0x24c  ip-mac-receive.o [8]
      .text               ro code  0x0800856c    0x184  mac-em250.o [8]
      .text               ro code  0x080086f0     0x8c  aes.o [8]
      .text               ro code  0x0800877c      0x8  abs.o [3]
      .text               ro code  0x08008784     0x48  random.o [1]
      .text               ro code  0x080087cc      0x8  spmr.o [4]
      .text               ro code  0x080087d4    0x580  sleep.o [1]
      .text               ro code  0x08008d54     0x24  eui64.o [8]
      .text               ro code  0x08008d78    0x468  uart.o [1]
      .text               ro code  0x080091e0    0x138  button.o [1]
      .text               ro code  0x08009318    0x2cc  debug-jtag.o [8]
      .text               ro code  0x080095e4     0xac  cstartup-common.o [1]
      .text               ro code  0x08009690    0x23c  serial-printf.o [1]
      .text               ro code  0x080098cc    0x138  byte-utilities.o [8]
      .text               ro code  0x08009a04    0xb68  buffer-management.o [8]
      .text               ro code  0x0800a56c     0x74  mpu.o [1]
      .text               ro code  0x0800a5e0     0x32  ABImemset48.o [6]
      .text               ro code  0x0800a614     0x66  ABImemset.o [6]
      .text               ro code  0x0800a67c    0x120  flash.o [4]
      .text               ro code  0x0800a79c     0xe4  thread-callback-stubs.o [1]
      .text               ro code  0x0800a880      0xe  wakeup-stubs.o [8]
      .text               ro code  0x0800a890    0xbf8  ip-stack.o [8]
      .text               ro code  0x0800b488    0x240  log.o [8]
      .text               ro code  0x0800b6c8    0x9e8  ip-mac-header.o [8]
      .text               ro code  0x0800c0b0    0x330  ip-packet-header.o [8]
      .text               ro code  0x0800c3e0   0x18cc  join.o [8]
      .text               ro code  0x0800dcac    0x35c  mac-arbiter.o [8]
      .text               ro code  0x0800e008    0x304  buffer-queue.o [8]
      .text               ro code  0x0800e30c    0x1a0  event-control.o [8]
      .text               ro code  0x0800e4ac     0x5c  symbol-timer.o [8]
      .text               ro code  0x0800e508    0x18c  mac.o [8]
      .text               ro code  0x0800e694     0x4c  context-switch.o [4]
      .text               ro code  0x0800e6e0    0x56c  em_usbd.o [1]
      .text               ro code  0x0800ec4c    0x178  system-timer.o [4]
      .text               ro code  0x0800edc4     0x24  crc.o [1]
      .text               ro code  0x0800ede8     0x42  strcmp_unaligned.o [6]
      .text               ro code  0x0800ee2c     0x4c  ember-ip-configuration.o [1]
      .text               ro code  0x0800ee78    0x470  802-15-4-ccm.o [8]
      .text               ro code  0x0800f2e8    0x5b4  mac-indirect.o [8]
      .text               ro code  0x0800f89c    0x220  retry.o [8]
      .text               ro code  0x0800fabc    0x710  fragment.o [8]
      .text               ro code  0x080101cc    0x364  udp.o [8]
      .text               ro code  0x08010530    0x18c  context-table.o [8]
      .text               ro code  0x080106bc     0x48  thread-bookkeeping.o [1]
      .text               ro code  0x08010704    0x304  event-queue.o [8]
      .text               ro code  0x08010a08    0xb4c  coap.o [8]
      .text               ro code  0x08011554    0x998  jpake-ecc-mbedtls.o [8]
      .text               ro code  0x08011eec     0xc4  mark-list.o [8]
      .text               ro code  0x08011fb0    0x898  rip.o [8]
      .text               ro code  0x08012848   0x2584  mle.o [8]
      .text               ro code  0x08014dcc    0x4c4  distributed-key-management.o [8]
      .text               ro code  0x08015290     0x90  unicast-table.o [8]
      .text               ro code  0x08015320    0x740  child-data.o [8]
      .text               ro code  0x08015a60    0x250  multicast.o [8]
      .text               ro code  0x08015cb0    0x574  global-prefix.o [8]
      .text               ro code  0x08016224    0x358  address-cache.o [8]
      .text               ro code  0x0801657c   0x1b28  commission.o [8]
      .text               ro code  0x080180a4    0xd94  network-data.o [8]
      .text               ro code  0x08018e38    0x3f8  child-aging.o [8]
      .text               ro code  0x08019230    0x2b4  ip-address.o [8]
      .text               ro code  0x080194e4     0x50  mac-header-util.o [8]
      .text               ro code  0x08019534     0x12  phy-util.o [8]
      .text               ro code  0x08019548    0x148  main.o [1]
      .text               ro code  0x08019690   0x13e4  dispatch.o [8]
      .text               ro code  0x0801aa74     0x70  global-address-prefix-debug.o [1]
      .text               ro code  0x0801aae4    0xe1c  rip-neighbor.o [8]
      .text               ro code  0x0801b900    0x8bc  client-implementation.o [1]
      .text               ro code  0x0801c1bc   0x11ac  6lowpan-header.o [8]
      .text               ro code  0x0801d368    0x468  network-fragmentation.o [8]
      .text               ro code  0x0801d7d0    0x48c  scan.o [8]
      .text               ro code  0x0801dc5c    0x764  dtls-join.o [8]
      .text               ro code  0x0801e3c0    0x318  command.o [8]
      .text               ro code  0x0801e6d8    0x224  scan-debug.o [1]
      .text               ro code  0x0801e8fc    0x520  coap-soc.o [8]
      .text               ro code  0x0801ee1c    0x30c  router-selection.o [8]
      .text               ro code  0x0801f128    0x1f4  jit.o [8]
      .text               ro code  0x0801f31c     0x84  em_usbtimer.o [1]
      .text               ro code  0x0801f3a0     0xcc  em_usbhal.o [1]
      .text               ro code  0x0801f46c     0x94  version-debug.o [1]
      .text               ro code  0x0801f500    0x354  tls-record-util.o [8]
      .text               ro code  0x0801f854    0x3a0  connection.o [8]
      .text               ro code  0x0801fbf4    0x560  dtls.o [8]
      .text               ro code  0x08020154     0x52  udp-simple.o [8]
      .text               ro code  0x080201a8   0x12c8  dhcp.o [8]
      .text               ro code  0x08021470    0x45c  command-interpreter2-util.o [1]
      .text               ro code  0x080218cc      0xc  tftp-bootload.o [1]
      .text               ro code  0x080218d8     0x3c  cli.o [1]
      .text               ro code  0x08021914     0x24  heartbeat.o [1]
      .text               ro code  0x08021938     0xa4  idle-sleep.o [1]
      .text               ro code  0x080219dc    0x1f0  list.o [8]
      .text               ro code  0x08021bcc    0x124  buffer-malloc.o [8]
      .text               ro code  0x08021cf0   0x1c5c  ecp.o [8]
      .text               ro code  0x0802394c    0xfa8  ecp_curves.o [8]
      .text               ro code  0x080248f4   0x15a8  bignum.o [8]
      .text               ro code  0x08025e9c    0x410  sha256.o [8]
      .text               ro code  0x080262ac      0x6  ABImemclr.o [6]
      .text               ro code  0x080262b4    0x3b8  transport-header.o [8]
      .text               ro code  0x0802666c    0x994  address-management.o [8]
      .text               ro code  0x08027000     0x76  ABImemcpy_unaligned.o [6]
      .text               ro code  0x08027078     0xd0  dhcp-client.o [1]
      .text               ro code  0x08027148     0x58  address-configuration-debug.o [1]
      .text               ro code  0x080271a0     0x62  memcmp_unaligned.o [6]
      .text               ro code  0x08027204     0x36  strlen.o [6]
      .text               ro code  0x0802723a     0x2a  strncmp.o [3]
      .text               ro code  0x08027264    0x5ac  local-server-data.o [8]
      .text               ro code  0x08027810    0x92c  diagnostic.o [1]
      .text               ro code  0x0802813c    0x15e  association.o [8]
      .text               ro code  0x0802829c    0x568  ip-header.o [8]
      .text               ro code  0x08028804     0xfc  icmp.o [8]
      .text               ro code  0x08028900      0xe  tcp-stub.o [8]
      .text               ro code  0x08028910    0x104  icmp-debug.o [1]
      .text               ro code  0x08028a14    0x228  debug-print.o [1]
      .text               ro code  0x08028c3c    0x290  tftp-server.o [1]
      .text               ro code  0x08028ecc    0x54c  tftp-bootloader-server.o [1]
      .text               ro code  0x08029418   0x172c  tls-handshake.o [8]
      .text               ro code  0x0802ab44    0x560  tls-ccm-record.o [8]
      .text               ro code  0x0802b0a4     0xf4  tls-debug.o [8]
      .text               ro code  0x0802b198     0xd4  slaac-client.o [1]
      .text               ro code  0x0802b26c    0x124  dhcp-address-table.o [8]
      .text               ro code  0x0802b390    0x320  command-interpreter2.o [1]
      .text               ro code  0x0802b6b0     0x30  led.o [1]
      .text               ro code  0x0802b6e0     0xee  I64DivMod.o [6]
      .text               ro code  0x0802b7d0     0xd4  tftp.o [1]
      .text               ro code  0x0802b8a4     0x4a  tftp-15-4.o [1]
      .text               ro code  0x0802b8f0    0x19c  xstoul.o [3]
      .text               ro code  0x0802ba8c     0x94  tftp-bootloader.o [1]
      .text               ro code  0x0802bb20    0x174  bootloader-interface-app.o [1]
      .text               ro code  0x0802bc94     0x90  tls-session-state.o [8]
      .text               ro code  0x0802bd24    0x10c  tls-jpake.o [8]
      .text               ro code  0x0802be30    0x344  tls-handshake-crypto.o [8]
      .text               ro code  0x0802c174    0x2c8  command-interpreter2-error.o [1]
      .text               ro code  0x0802c43c      0x2  I64DivZer.o [6]
      .text               ro code  0x0802c440     0xe0  rand.o [3]
      .text               ro code  0x0802c520     0x58  memchr.o [6]
      .text               ro code  0x0802c578      0xc  errno.o [3]
      .text               ro code  0x0802c584      0x2  xtls.o [3]
      .text               ro code  0x0802c588     0xbc  buzzer.o [1]
      .text               ro code  0x0802c644     0xd0  coap-cli.o [1]
      .text               ro code  0x0802c714     0xae  em_usbdch9.o [1]
      .text               ro code  0x0802c7c4    0x2f4  em_usbdep.o [1]
      .text               ro code  0x0802cab8    0x270  em_usbint.o [1]
      .text               ro code  0x0802cd28      0x2  faults.o [1]
      .text               ro code  0x0802cd2c      0x2  faults.o [1]
      .text               ro code  0x0802cd30      0x2  faults.o [1]
      .text               ro code  0x0802cd34      0x2  faults.o [1]
      .text               ro code  0x0802cd38      0x2  faults.o [1]
      .text               ro code  0x0802cd3c      0x2  faults.o [1]
      .text               ro code  0x0802cd40     0x70  faults.o [1]
      .text               ro code  0x0802cdb0    0x128  icmp-cli.o [1]
      .text               ro code  0x0802ced8     0xb4  icmp-simple.o [8]
      .text               ro code  0x0802cf8c      0x0  isr-stubs.o [1]
      .text               ro code  0x0802cf8c      0x0  isr-stubs.o [1]
      .text               ro code  0x0802cf8c      0x0  isr-stubs.o [1]
      .text               ro code  0x0802cf8c      0x0  isr-stubs.o [1]
      .text               ro code  0x0802cf8c      0x0  isr-stubs.o [1]
      .text               ro code  0x0802cf8c      0x0  isr-stubs.o [1]
      .text               ro code  0x0802cf8c      0x0  isr-stubs.o [1]
      .text               ro code  0x0802cf8c      0x0  isr-stubs.o [1]
      .text               ro code  0x0802cf8c      0x0  isr-stubs.o [1]
      .text               ro code  0x0802cf8c      0x0  isr-stubs.o [1]
      .text               ro code  0x0802cf8c      0x0  isr-stubs.o [1]
      .text               ro code  0x0802cf8c      0x0  isr-stubs.o [1]
      .text               ro code  0x0802cf8c      0x0  isr-stubs.o [1]
      .text               ro code  0x0802cf8c      0x0  isr-stubs.o [1]
      .text               ro code  0x0802cf8c    0x65c  network-management-cli.o [1]
      .text               ro code  0x0802d5e8     0xd8  udp-cli.o [1]
      .text               ro code  0x0802d6c0    0x214  cstartup-iar.o [4]
      .text               ro code  0x0802d8d4     0x86  callbacks.o [1]
    .rodata               const    0x0802d95c     0x84  command-interpreter2-error.o [1]
    .rodata               const    0x0802d9e0    0x4f0  diagnostic.o [1]
    .rodata               const    0x0802ded0     0x10  ember-ip-configuration.o [1]
    .rodata               const    0x0802dee0      0x4  micro-common.o [1]
    .rodata               const    0x0802dee4     0xec  micro.o [1]
    .rodata               const    0x0802dfd0      0x8  serial.o [1]
    .rodata               const    0x0802dfd8     0x20  sim-eeprom.o [1]
    .rodata               const    0x0802dff8    0x4c4  thread-cli.o [1]
    .rodata               const    0x0802e4bc     0x18  thread-events.o [1]
    .rodata               const    0x0802e4d4     0xec  token-def.o [1]
    .rodata               const    0x0802e5c0     0xf8  uart.o [1]
    .rodata               const    0x0802e6b8     0x30  version-debug.o [1]
    .rodata               const    0x0802e6e8    0x11c  join.o [8]
    .rodata               const    0x0802e804    0x204  coap.o [8]
    .rodata               const    0x0802ea08     0x90  ip-stack.o [8]
    .rodata               const    0x0802ea98     0xac  dhcp.o [8]
    .rodata               const    0x0802eb44     0x30  commission.o [8]
    .rodata               const    0x0802eb74     0x20  local-server-data.o [8]
    .rodata               const    0x0802eb94     0x18  scan.o [8]
    .rodata               const    0x0802ebac     0xe4  log.o [8]
    .rodata               const    0x0802ec90     0x20  network-data.o [8]
    .rodata               const    0x0802ecb0     0x18  association.o [8]
    .rodata               const    0x0802ecc8     0x38  network-fragmentation.o [8]
    .rodata               const    0x0802ed00     0x20  global-prefix.o [8]
    .rodata               const    0x0802ed20    0x124  mle.o [8]
    .rodata               const    0x0802ee44     0x18  retry.o [8]
    .rodata               const    0x0802ee5c     0x40  rip.o [8]
    .rodata               const    0x0802ee9c     0x10  rip-neighbor.o [8]
    .rodata               const    0x0802eeac     0x30  ip-address.o [8]
    .rodata               const    0x0802eedc     0x34  child-aging.o [8]
    .rodata               const    0x0802ef10     0x24  router-selection.o [8]
    .rodata               const    0x0802ef34     0x10  address-cache.o [8]
    .rodata               const    0x0802ef44     0x20  mac-indirect.o [8]
    .rodata               const    0x0802ef64     0x1c  mac.o [8]
    .rodata               const    0x0802ef80     0x1c  fragment.o [8]
    .rodata               const    0x0802ef9c     0x1c  multicast.o [8]
    .rodata               const    0x0802efb8     0x24  jit.o [8]
    .rodata               const    0x0802efdc     0x20  unicast-table.o [8]
    .rodata               const    0x0802effc     0x28  connection.o [8]
    .rodata               const    0x0802f024    0x868  ecp_curves.o [8]
    .rodata               const    0x0802f88c     0x24  tls-test-credentials.o [8]
    .rodata               const    0x0802f8b0    0x478  tls-debug.o [8]
    .rodata               const    0x0802fd28     0x1a  mfg-token.o [1]
    .rodata               const    0x0802fd42      0x8  tls-ccm-record.o [8]
    .data_init                     0x0802fd4c    0x37c  <Block>
      Initializer bytes   ro data  0x0802fd4c    0x37c  <for .data-1> (used: 0x378)
    __DLIB_PERTHREAD_init
                                   0x080300c8     0x90  <Block>
      Initializer bytes   ro data  0x080300c8     0x90  <for DLIB_PERTHREAD_INITIALIZED_DATA-1>
                                 - 0x08030158  0x2c058

"NVM&SIMEE":                                    0x2000
  SIMEE                            0x0807e000   0x2000  <Block>
    SIMEE                 uninit   0x0807e000   0x2000  sim-eeprom.o [1]
                                 - 0x08080000   0x2000

"FAT":                                            0x2c
  FAT                     uninit   0x08080000     0x2c  cstartup-common.o [1]
                                 - 0x0808002c     0x2c

"Heap":                                         0x1780
  EMHEAP_overlay                   0x20000000   0x1770  <Overlay>
    part 1:
      EMHEAP                       0x20000000   0x1770  <Block>
        EMHEAP            uninit   0x20000000   0x1770  ember-ip-configuration.o [1]
    part 2:
      RESETINFO                    0x20000000     0x98  <Block>
        RESETINFO         const    0x20000000      0x0  faults.o [1]
        RESETINFO         const    0x20000000      0x0  isr-stubs.o [1]
        RESETINFO         const    0x20000000      0x0  spmr.o [4]
        RESETINFO         const    0x20000000      0x0  context-switch.o [4]
        RESETINFO         uninit   0x20000000     0x98  cstartup-common.o [1]
                                 - 0x20001770   0x1770

"Guard":                                          0x20
  GUARD_REGION            uninit   0x20001780     0x20  cstartup-common.o [1]
                                 - 0x200017a0     0x20

"APP rw":                                       0x2dd9
  APPRW_block                      0x2000d210   0x2dd9  <Block>
    ALIGN_CSTACK                   0x2000d210    0xed8  <Block>
      CSTACK                       0x2000d210    0xed8  <Block>
        CSTACK            const    0x2000d210      0x0  faults.o [1]
        CSTACK            const    0x2000d210      0x0  isr-stubs.o [1]
        CSTACK            const    0x2000d210      0x0  spmr.o [4]
        CSTACK            const    0x2000d210      0x0  context-switch.o [4]
        CSTACK            uninit   0x2000d210    0xed8  cstartup-common.o [1]
    .data                          0x2000e0e8    0x378  <Block>
      .data-1                      0x2000e0e8    0x378  <Init block>
        .data             inited   0x2000e0e8      0x1  buzzer.o [1]
        .data             inited   0x2000e0e9      0x1  debug-print.o [1]
        .data             inited   0x2000e0ec      0x4  em_usbd.o [1]
        .data             inited   0x2000e0f0     0x1c  em_usbhal.o [1]
        .data             inited   0x2000e10c     0x1c  em_usbhal.o [1]
        .data             inited   0x2000e128     0x1c  em_usbhal.o [1]
        .data             inited   0x2000e144     0x1c  em_usbhal.o [1]
        .data             inited   0x2000e160      0x1  ember-ip-configuration.o [1]
        .data             inited   0x2000e164      0x4  ember-ip-configuration.o [1]
        .data             inited   0x2000e168      0x4  ember-ip-configuration.o [1]
        .data             inited   0x2000e16c      0x4  ember-ip-configuration.o [1]
        .data             inited   0x2000e170      0x4  ember-ip-configuration.o [1]
        .data             inited   0x2000e174      0x4  ember-ip-configuration.o [1]
        .data             inited   0x2000e178      0x4  ember-ip-configuration.o [1]
        .data             inited   0x2000e17c      0x4  ember-ip-configuration.o [1]
        .data             inited   0x2000e180      0x4  ember-ip-configuration.o [1]
        .data             inited   0x2000e184      0x1  ember-ip-configuration.o [1]
        .data             inited   0x2000e186      0x2  ember-ip-configuration.o [1]
        .data             inited   0x2000e188      0x4  ember-ip-configuration.o [1]
        .data             inited   0x2000e18c      0x1  ember-ip-configuration.o [1]
        .data             inited   0x2000e18d      0x1  ember-ip-configuration.o [1]
        .data             inited   0x2000e190     0x10  micro.o [1]
        .data             inited   0x2000e1a0     0x10  micro.o [1]
        .data             inited   0x2000e1b0     0x40  mpu.o [1]
        .data             inited   0x2000e1f0      0x4  random.o [1]
        .data             inited   0x2000e1f4     0x20  serial.o [1]
        .data             inited   0x2000e214      0x6  tftp.o [1]
        .data             inited   0x2000e21c     0x24  uart.o [1]
        .data             inited   0x2000e240      0x2  analogue.o [8]
        .data             inited   0x2000e244      0xe  analogue.o [8]
        .data             inited   0x2000e254      0x4  micro-internal.o [4]
        .data             inited   0x2000e258     0x20  join.o [8]
        .data             inited   0x2000e278      0x4  coap.o [8]
        .data             inited   0x2000e27c      0x1  ip-stack.o [8]
        .data             inited   0x2000e280      0x8  ip-stack.o [8]
        .data             inited   0x2000e288      0xc  ip-stack.o [8]
        .data             inited   0x2000e294      0x2  dhcp.o [8]
        .data             inited   0x2000e296      0x6  clocks.o [4]
        .data             inited   0x2000e29c      0xc  commission.o [8]
        .data             inited   0x2000e2a8      0xc  local-server-data.o [8]
        .data             inited   0x2000e2b4      0x8  dtls-join.o [8]
        .data             inited   0x2000e2bc      0x1  distributed-key-management.o [8]
        .data             inited   0x2000e2c0     0x10  scan.o [8]
        .data             inited   0x2000e2d0      0x2  transport-header.o [8]
        .data             inited   0x2000e2d2      0x4  dispatch.o [8]
        .data             inited   0x2000e2d6      0x2  dispatch.o [8]
        .data             inited   0x2000e2d8      0x4  buffer-management.o [8]
        .data             inited   0x2000e2dc      0x4  analogue-mod-dac.o [8]
        .data             inited   0x2000e2e0      0x1  phy-common.o [8]
        .data             inited   0x2000e2e2      0xc  phy-common.o [8]
        .data             inited   0x2000e2f0      0xc  network-data.o [8]
        .data             inited   0x2000e2fc      0x1  command.o [8]
        .data             inited   0x2000e300      0xc  association.o [8]
        .data             inited   0x2000e30c      0x1  association.o [8]
        .data             inited   0x2000e30e      0x2  child-data.o [8]
        .data             inited   0x2000e310     0x1c  network-fragmentation.o [8]
        .data             inited   0x2000e32c      0xc  global-prefix.o [8]
        .data             inited   0x2000e338     0x10  mle.o [8]
        .data             inited   0x2000e348      0x1  mle.o [8]
        .data             inited   0x2000e34c     0x14  mle.o [8]
        .data             inited   0x2000e360      0xc  retry.o [8]
        .data             inited   0x2000e36c     0x1c  rip.o [8]
        .data             inited   0x2000e388      0x1  child-aging.o [8]
        .data             inited   0x2000e38c     0x1c  child-aging.o [8]
        .data             inited   0x2000e3a8      0x4  child-aging.o [8]
        .data             inited   0x2000e3ac     0x10  router-selection.o [8]
        .data             inited   0x2000e3bc      0xc  address-cache.o [8]
        .data             inited   0x2000e3c8      0x8  dhcp-address-table.o [8]
        .data             inited   0x2000e3d0      0x1  mac-em250.o [8]
        .data             inited   0x2000e3d4      0xc  mac-indirect.o [8]
        .data             inited   0x2000e3e0      0xc  mac.o [8]
        .data             inited   0x2000e3ec     0x10  fragment.o [8]
        .data             inited   0x2000e3fc      0xc  multicast.o [8]
        .data             inited   0x2000e408     0x10  jit.o [8]
        .data             inited   0x2000e418      0xc  unicast-table.o [8]
        .data             inited   0x2000e424      0x8  6lowpan-header.o [8]
        .data             inited   0x2000e42c      0x1  6lowpan-header.o [8]
        .data             inited   0x2000e42d      0x1  address-management.o [8]
        .data             inited   0x2000e430      0xc  connection.o [8]
        .data             inited   0x2000e43c      0x1  ip-mac-header.o [8]
        .data             inited   0x2000e440      0x4  ecp_curves.o [8]
        .data             inited   0x2000e444      0x8  ecp_curves.o [8]
        .data             inited   0x2000e44c      0x8  ecp_curves.o [8]
        .data             inited   0x2000e454      0x8  ecp_curves.o [8]
        .data             inited   0x2000e45c      0x4  tls-test-credentials.o [8]
    DLIB_PERTHREAD_INITIALIZED_DATA
                                   0x2000e460     0x90  <Block>
      DLIB_PERTHREAD_INITIALIZED_DATA-1
                                   0x2000e460     0x90  <Init block>
        __DLIB_PERTHREAD  inited   0x2000e460     0x8c  rand.o [3]
        __DLIB_PERTHREAD  inited   0x2000e4ec      0x4  errno.o [3]
    DLIB_PERTHREAD_ZERO_DATA
                                   0x2000e4f0      0x0  <Block>
    .bss                           0x2000e4f0   0x1af9  <Block>
      .bss                uninit   0x2000e4f0    0x570  em_usbhal.o [1]
      .bss                uninit   0x2000ea60     0x1e  adc.o [1]
      .bss                uninit   0x2000ea7e      0x2  debug-print.o [1]
      .bss                uninit   0x2000ea80     0x18  bootloader-interface-app.o [1]
      .bss                uninit   0x2000ea98    0x160  bootloader-interface-app.o [1]
      .bss                uninit   0x2000ebf8     0x80  bootloader-interface-app.o [1]
      .bss                uninit   0x2000ec78      0x8  buzzer.o [1]
      .bss                uninit   0x2000ec80     0x1c  client-implementation.o [1]
      .bss                uninit   0x2000ec9c     0x84  command-interpreter2-util.o [1]
      .bss                uninit   0x2000ed20      0xa  cstartup-common.o [1]
      .bss                uninit   0x2000ed2a      0x2  tftp-bootloader.o [1]
      .bss                uninit   0x2000ed2c     0xf0  em_usbd.o [1]
      .bss                uninit   0x2000ee1c      0xc  em_usbdep.o [1]
      .bss                uninit   0x2000ee28      0x4  em_usbhal.o [1]
      .bss                uninit   0x2000ee2c      0x4  em_usbint.o [1]
      .bss                uninit   0x2000ee30     0x10  em_usbtimer.o [1]
      .bss                uninit   0x2000ee40     0x20  ember-ip-configuration.o [1]
      .bss                uninit   0x2000ee60     0x24  ember-ip-configuration.o [1]
      .bss                uninit   0x2000ee84     0x88  ember-ip-configuration.o [1]
      .bss                uninit   0x2000ef0c     0x40  ember-ip-configuration.o [1]
      .bss                uninit   0x2000ef4c     0x40  ember-ip-configuration.o [1]
      .bss                uninit   0x2000ef8c     0x40  ember-ip-configuration.o [1]
      .bss                uninit   0x2000efcc     0x20  ember-ip-configuration.o [1]
      .bss                uninit   0x2000efec     0x20  ember-ip-configuration.o [1]
      .bss                uninit   0x2000f00c     0x24  ember-ip-configuration.o [1]
      .bss                uninit   0x2000f030      0x4  heartbeat.o [1]
      .bss                uninit   0x2000f034      0x4  micro.o [1]
      .bss                uninit   0x2000f038     0x88  serial.o [1]
      .bss                uninit   0x2000f0c0     0x88  serial.o [1]
      .bss                uninit   0x2000f148     0x88  serial.o [1]
      .bss                uninit   0x2000f1d0     0x88  serial.o [1]
      .bss                uninit   0x2000f258     0x88  serial.o [1]
      .bss                uninit   0x2000f2e0     0x88  serial.o [1]
      .bss                uninit   0x2000f368      0xc  serial.o [1]
      .bss                uninit   0x2000f374     0x38  sim-eeprom.o [1]
      .bss                uninit   0x2000f3ac      0x4  sleep.o [1]
      .bss                uninit   0x2000f3b0     0x14  tftp-bootloader-server.o [1]
      .bss                uninit   0x2000f3c4     0x10  tftp.o [1]
      .bss                uninit   0x2000f3d4      0xc  uart.o [1]
      .bss                uninit   0x2000f3e0     0x24  analogue.o [8]
      .bss                uninit   0x2000f404      0x8  debug.o [8]
      .bss                uninit   0x2000f40c      0xc  debug.o [8]
      .bss                uninit   0x2000f418     0x50  join.o [8]
      .bss                uninit   0x2000f468     0x50  join.o [8]
      .bss                uninit   0x2000f4b8      0x4  coap.o [8]
      .bss                uninit   0x2000f4bc      0xc  ip-stack.o [8]
      .bss                uninit   0x2000f4c8      0x4  ip-stack.o [8]
      .bss                uninit   0x2000f4cc      0xc  dhcp.o [8]
      .bss                uninit   0x2000f4d8    0x100  debug-jtag.o [8]
      .bss                uninit   0x2000f5d8     0x1c  commission.o [8]
      .bss                uninit   0x2000f5f4      0xc  local-server-data.o [8]
      .bss                uninit   0x2000f600     0x24  dtls-join.o [8]
      .bss                uninit   0x2000f624     0xb0  distributed-key-management.o [8]
      .bss                uninit   0x2000f6d4     0x20  scan.o [8]
      .bss                uninit   0x2000f6f4      0x4  sim-eeprom-internal.o [7]
      .bss                uninit   0x2000f6f8      0xc  context-switch.o [4]
      .bss                uninit   0x2000f704      0x4  dispatch.o [8]
      .bss                uninit   0x2000f708     0x10  dispatch.o [8]
      .bss                uninit   0x2000f718      0x8  dispatch.o [8]
      .bss                uninit   0x2000f720     0x24  buffer-management.o [8]
      .bss                uninit   0x2000f744      0xc  log.o [8]
      .bss                uninit   0x2000f750    0x11c  phy.o [8]
      .bss                uninit   0x2000f86c      0xc  phy-common.o [8]
      .bss                uninit   0x2000f878      0xc  eui64.o [8]
      .bss                uninit   0x2000f884      0xe  network-data.o [8]
      .bss                uninit   0x2000f892      0x2  tftp.o [1]
      .bss                uninit   0x2000f894     0x30  association.o [8]
      .bss                uninit   0x2000f8c4      0xc  network-fragmentation.o [8]
      .bss                uninit   0x2000f8d0      0xc  network-fragmentation.o [8]
      .bss                uninit   0x2000f8dc     0x19  network-fragmentation.o [8]
      .bss                uninit   0x2000f8f5      0x3  analogue-vco.o [8]
      .bss                uninit   0x2000f8f8     0x10  global-prefix.o [8]
      .bss                uninit   0x2000f908     0x10  mac-arbiter.o [8]
      .bss                uninit   0x2000f918      0xc  mle.o [8]
      .bss                uninit   0x2000f924     0x10  mle.o [8]
      .bss                uninit   0x2000f934     0x40  retry.o [8]
      .bss                uninit   0x2000f974      0x8  retry.o [8]
      .bss                uninit   0x2000f97c      0xc  rip.o [8]
      .bss                uninit   0x2000f988    0x500  rip.o [8]
      .bss                uninit   0x2000fe88      0xc  rip-neighbor.o [8]
      .bss                uninit   0x2000fe94     0x10  ip-address.o [8]
      .bss                uninit   0x2000fea4      0x8  child-aging.o [8]
      .bss                uninit   0x2000feac      0xc  ip-mac-receive.o [8]
      .bss                uninit   0x2000feb8      0x8  mac-em250.o [8]
      .bss                uninit   0x2000fec0      0x8  mac-indirect.o [8]
      .bss                uninit   0x2000fec8      0x4  jpake-ecc-mbedtls.o [8]
      .bss                uninit   0x2000fecc      0x4  802-15-4-ccm.o [8]
      .bss                uninit   0x2000fed0     0x14  unicast-table.o [8]
      .bss                uninit   0x2000fee4      0x4  connection.o [8]
      .bss                uninit   0x2000fee8      0xc  ecp.o [8]
      .bss                uninit   0x2000fef4      0x8  buffer-malloc.o [8]
      .bss                uninit   0x2000fefc      0x6  analogue.o [8]
      .bss                uninit   0x2000ff02      0x2  coap.o [8]
      .bss                uninit   0x2000ff04      0x4  ip-stack.o [8]
      .bss                uninit   0x2000ff08      0x4  sim-eeprom-internal.o [7]
      .bss                uninit   0x2000ff0c      0x2  mark-list.o [8]
      .bss                uninit   0x2000ff0e      0x4  analogue-mod-dac.o [8]
      .bss                uninit   0x2000ff12      0x2  child-data.o [8]
      .bss                uninit   0x2000ff14      0x2  network-fragmentation.o [8]
      .bss                uninit   0x2000ff16      0x4  mac-indirect.o [8]
      .bss                uninit   0x2000ff1a     0x80  mac.o [8]
      .bss                uninit   0x2000ff9a      0x4  fragment.o [8]
      .bss                uninit   0x2000ff9e      0x4  fragment.o [8]
      .bss                uninit   0x2000ffa2      0x4  udp.o [8]
      .bss                uninit   0x2000ffa6      0x6  multicast.o [8]
      .bss                uninit   0x2000ffac      0x4  jit.o [8]
      .bss                uninit   0x2000ffb0      0x4  tls-session-state.o [8]
      .bss                uninit   0x2000ffb4      0x2  button.o [1]
      .bss                uninit   0x2000ffb6      0x1  em_usbhal.o [1]
      .bss                uninit   0x2000ffb7      0x2  main.o [1]
      .bss                uninit   0x2000ffb9      0x1  micro-common.o [1]
      .bss                uninit   0x2000ffba      0x1  tftp.o [1]
      .bss                uninit   0x2000ffbb      0x1  thread-callback-stubs.o [1]
      .bss                uninit   0x2000ffbc      0x2  token.o [1]
      .bss                uninit   0x2000ffbe      0x1  analogue.o [8]
      .bss                uninit   0x2000ffbf      0x2  analogue.o [8]
      .bss                uninit   0x2000ffc1      0x1  micro-common-internal.o [4]
      .bss                uninit   0x2000ffc2      0x2  event-control.o [8]
      .bss                uninit   0x2000ffc4      0x1  join.o [8]
      .bss                uninit   0x2000ffc5      0x1  dhcp.o [8]
      .bss                uninit   0x2000ffc6      0x1  system-timer.o [4]
      .bss                uninit   0x2000ffc7      0x1  flash.o [4]
      .bss                uninit   0x2000ffc8      0x5  clocks.o [4]
      .bss                uninit   0x2000ffcd      0x1  debug-jtag.o [8]
      .bss                uninit   0x2000ffce      0x1  debug-jtag.o [8]
      .bss                uninit   0x2000ffcf      0x1  commission.o [8]
      .bss                uninit   0x2000ffd0      0x1  dispatch.o [8]
      .bss                uninit   0x2000ffd1      0x1  dispatch.o [8]
      .bss                uninit   0x2000ffd2      0x1  dispatch.o [8]
      .bss                uninit   0x2000ffd3      0x2  phy.o [8]
      .bss                uninit   0x2000ffd5      0x2  phy.o [8]
      .bss                uninit   0x2000ffd7      0x1  phy.o [8]
      .bss                uninit   0x2000ffd8      0x1  phy-common.o [8]
      .bss                uninit   0x2000ffd9      0x1  phy-common.o [8]
      .bss                uninit   0x2000ffda      0x1  phy-common.o [8]
      .bss                uninit   0x2000ffdb      0x1  command.o [8]
      .bss                uninit   0x2000ffdc      0x2  command.o [8]
      .bss                uninit   0x2000ffde      0x1  mac-arbiter.o [8]
      .bss                uninit   0x2000ffdf      0x1  mac-arbiter.o [8]
      .bss                uninit   0x2000ffe0      0x2  mle.o [8]
      .bss                uninit   0x2000ffe2      0x2  router-selection.o [8]
      .bss                uninit   0x2000ffe4      0x1  context-table.o [8]
      .bss                uninit   0x2000ffe5      0x1  mac-em250.o [8]
      .bss                uninit   0x2000ffe6      0x1  mac.o [8]
      .bss                uninit   0x2000ffe7      0x1  6lowpan-header.o [8]
      .bss                uninit   0x2000ffe8      0x1  address-management.o [8]
                                 - 0x2000ffe9   0x2dd9

"DEBUGCHAN":                                      0x10
  DEBUG_CHANNEL                    0x2000fff0     0x10  <Block>
    DEBUG_CHANNEL         uninit   0x2000fff0     0x10  debug-jtag.o [8]
                                 - 0x20010000     0x10



*******************************************************************************
*** MODULE SUMMARY
***

    Module                         ro code  ro data  rw data
    ------                         -------  -------  -------
C:\SiliconLabs\Thread-1.0.1\app\Thread_Sample_Client\build\obj: [1]
    adc.o                              692                30
    address-configuration-debug.o       88
    assert-crash-handlers.o            512
    bootloader-interface-app.o         372               504
    button.o                           312                 2
    buzzer.o                           188        1        9
    callbacks.o                        134
    cli.o                               60
    client-implementation.o          2 236                28
    coap-cli.o                         208
    command-interpreter2-error.o       712      132
    command-interpreter2-util.o      1 116               132
    command-interpreter2.o             800
    crc.o                               36
    cstartup-common.o                  172      316    3 970
    debug-print.o                      552        1        3
    dhcp-client.o                      208
    diagnostic.o                     2 348    1 264
    em_usbd.o                        1 388        6      244
    em_usbdch9.o                       174
    em_usbdep.o                        756                12
    em_usbhal.o                        204      112    1 509
    em_usbint.o                        624                 4
    em_usbtimer.o                      132                16
    ember-ip-configuration.o            76       62      538
    faults.o                           124
    global-address-prefix-debug.o      112
    heartbeat.o                         36                 4
    icmp-cli.o                         296
    icmp-debug.o                       260
    idle-sleep.o                       164
    isr-stubs.o
    led.o                               48
    main.o                             328                 2
    mem-util.o                         246
    mfg-token.o                        104       26
    micro-common.o                     236        4        1
    micro.o                            788      270       36
    mpu.o                              116       64       64
    network-management-cli.o         1 628
    random.o                            72        4        4
    scan-debug.o                       548
    serial-printf.o                    572
    serial.o                           724       40      860
    sim-eeprom.o                       300       32    8 248
    slaac-client.o                     212
    sleep.o                          1 408                 4
    tftp-15-4.o                         74
    tftp-bootload.o                     12
    tftp-bootloader-server.o         1 356                20
    tftp-bootloader.o                  148                 2
    tftp-server.o                      656
    tftp.o                             212        6       25
    thread-bookkeeping.o                72
    thread-callback-stubs.o            228                 1
    thread-cli.o                              1 220
    thread-events.o                              24
    token-def.o                                 236
    token.o                            272                 2
    uart.o                           1 128      286       48
    udp-cli.o                          216
    version-debug.o                    148       48
    --------------------------------------------------------
    Total:                          26 944    4 154   16 322

command line: [2]
    --------------------------------------------------------
    Total:

dl7M_tln.a: [3]
    abs.o                                8
    errno.o                             12        4        4
    rand.o                             224      140      140
    strncmp.o                           42
    xstoul.o                           412
    xtls.o                               2
    --------------------------------------------------------
    Total:                             700      144      144

hal-library.a: [4]
    caladc.o                           292
    clocks.o                         1 476        6       11
    context-switch.o                    84                12
    cstartup-iar.o                     532
    flash.o                            288                 1
    micro-common-internal.o            456                 1
    micro-internal.o                   392        6        4
    spmr.o                              62
    system-timer.o                     376                 1
    --------------------------------------------------------
    Total:                           3 958       12       30

m7M_tl.a: [5]
    --------------------------------------------------------
    Total:

rt7M_tl.a: [6]
    ABImemclr.o                          6
    ABImemclr4.o                         6
    ABImemcpy_unaligned.o              118
    ABImemset.o                        102
    ABImemset48.o                       50
    I64DivMod.o                        238
    I64DivZer.o                          2
    memchr.o                            88
    memcmp_unaligned.o                  98
    strcmp_unaligned.o                  66
    strlen.o                            54
    --------------------------------------------------------
    Total:                             828

sim-eeprom1-library.a: [7]
    sim-eeprom-internal.o            2 884                 8
    --------------------------------------------------------
    Total:                           2 884                 8

thread-stack.a: [8]
    6lowpan-header.o                 4 524        9       10
    802-15-4-ccm.o                   1 136                 4
    address-cache.o                    856       28       12
    address-management.o             2 452        1        2
    aes.o                              140
    analogue-cell-bias.o               236
    analogue-filter.o                   80
    analogue-lna.o                     426
    analogue-mod-dac.o                 628        4        8
    analogue-vco.o                     208                 3
    analogue.o                       1 488       18       61
    association.o                      350       40       61
    bignum.o                         5 544
    buffer-malloc.o                    292                 8
    buffer-management.o              2 920        4       40
    buffer-queue.o                     772
    byte-utilities.o                   312
    child-aging.o                    1 016       88       41
    child-data.o                     1 856        3        4
    child-table.o                      164
    coap-soc.o                       1 312
    coap.o                           2 892      520       10
    command.o                          792        1        4
    commission.o                     6 952       60       41
    connection.o                       928       54       16
    context-table.o                    396                 1
    debug-jtag.o                       716               274
    debug.o                            680                20
    dhcp-address-table.o               292        8        8
    dhcp.o                           4 808      174       15
    dispatch.o                       5 092        6       37
    distributed-key-management.o     1 220        1      177
    dtls-join.o                      1 892        8       44
    dtls.o                           1 376
    ecp.o                            7 260                12
    ecp_curves.o                     4 008    2 183       28
    eui64.o                             36                12
    event-control.o                    416                 2
    event-queue.o                      772
    fragment.o                       1 808       44       24
    global-prefix.o                  1 396       44       28
    icmp-simple.o                      180
    icmp.o                             252
    ip-address.o                       692       48       16
    ip-header.o                      1 384
    ip-mac-header.o                  2 536        1        1
    ip-mac-receive.o                   588                12
    ip-packet-header.o                 816
    ip-stack.o                       3 064      168       41
    jit.o                              500       52       20
    join.o                           6 348      316      193
    jpake-ecc-mbedtls.o              2 456                 4
    list.o                             496
    local-server-data.o              1 452       44       24
    log.o                              576      228       12
    mac-arbiter.o                      860                18
    mac-em250.o                        388        1       10
    mac-header-util.o                   80
    mac-indirect.o                   1 460       47       24
    mac.o                              396       40      141
    mark-list.o                        196                 2
    mle.o                            9 604      332       67
    multicast.o                        592       40       18
    network-data.o                   3 476       46       26
    network-fragmentation.o          1 128       84       79
    phy-common.o                     2 072       14       28
    phy-util.o                          18
    phy.o                            1 348               289
    retry.o                            544       36       84
    rip-neighbor.o                   3 612       16       12
    rip.o                            2 200       92    1 320
    router-selection.o                 780       52       18
    scan.o                           1 164       43       48
    sha256.o                         1 040
    symbol-timer.o                      92
    tcp-stub.o                          14
    tls-ccm-record.o                 1 376        8
    tls-debug.o                        244    1 144
    tls-handshake-crypto.o             836
    tls-handshake.o                  5 932
    tls-jpake.o                        268
    tls-record-util.o                  852
    tls-session-state.o                144                 4
    tls-test-credentials.o                       40        4
    transport-header.o                 952        2        2
    udp-simple.o                        82
    udp.o                              868                 4
    unicast-table.o                    144       44       32
    wakeup-stubs.o                      14
    --------------------------------------------------------
    Total:                         134 560    6 236    3 560

    Gaps                                56        2       41
    Linker created                                4    6 000
------------------------------------------------------------
    Grand Total:                   169 930   10 552   26 105


*******************************************************************************
*** ENTRY LIST
***

Entry                      Address    Size  Type      Object
-----                      -------    ----  ----      ------
.bss$$Base              0x2000e4f0           --   Gb  - Linker created -
.bss$$Length            0x00001af9           --   Gb  - Linker created -
.bss$$Limit             0x2000ffe9           --   Gb  - Linker created -
.data$$Base             0x2000e0e8           --   Gb  - Linker created -
.data$$Limit            0x2000e460           --   Gb  - Linker created -
.data_init$$Base        0x0802fd4c           --   Gb  - Linker created -
.data_init$$Length      0x0000037c           --   Gb  - Linker created -
.data_init$$Limit       0x080300c8           --   Gb  - Linker created -
.noinit$$Base           0x00000000           --   Gb  - Linker created -
.text$$Base             0x08004190           --   Gb  - Linker created -
.text$$Limit            0x0802d95a           --   Gb  - Linker created -
.textrw$$Base           0x00000000           --   Gb  - Linker created -
.textrw_init$$Base      0x00000000           --   Gb  - Linker created -
.textrw_init$$Length    0x00000000           --   Gb  - Linker created -
ALIGN_CSTACK$$Base      0x2000d210           --   Gb  - Linker created -
ALIGN_CSTACK$$Limit     0x2000e0e8           --   Gb  - Linker created -
APPRO_block$$Base       0x08004100           --   Gb  - Linker created -
APPRO_block$$Limit      0x08030158           --   Gb  - Linker created -
APPRW_block$$Base       0x2000d210           --   Gb  - Linker created -
APPRW_block$$Limit      0x2000ffe9           --   Gb  - Linker created -
APP_RAM$$Base           0x00000000           --   Gb  - Linker created -
APP_RAM$$Length         0x00000000           --   Gb  - Linker created -
CSTACK$$Base            0x2000d210           --   Gb  - Linker created -
CSTACK$$Limit           0x2000e0e8           --   Gb  - Linker created -
DEBUG_CHANNEL$$Base     0x2000fff0           --   Gb  - Linker created -
DEBUG_CHANNEL$$Limit    0x20010000           --   Gb  - Linker created -
DLIB_PERTHREAD_INITIALIZED_DATA$$Base
                        0x2000e460           --   Gb  - Linker created -
DLIB_PERTHREAD_INITIALIZED_DATA$$Limit
                        0x2000e4f0           --   Gb  - Linker created -
DLIB_PERTHREAD_ZERO_DATA$$Base
                        0x2000e4f0           --   Gb  - Linker created -
DLIB_PERTHREAD_ZERO_DATA$$Length
                        0x00000000           --   Gb  - Linker created -
DLIB_PERTHREAD_ZERO_DATA$$Limit
                        0x2000e4f0           --   Gb  - Linker created -
EMHEAP$$Base            0x20000000           --   Gb  - Linker created -
EMHEAP$$Limit           0x20001770           --   Gb  - Linker created -
EMHEAP_overlay$$Base    0x20000000           --   Gb  - Linker created -
EMHEAP_overlay$$Limit   0x20001770           --   Gb  - Linker created -
EPINBUF                 0x2000e10c    0x1c  Data  Gb  em_usbhal.o [1]
EPINBUFSIZE             0x2000e144    0x1c  Data  Gb  em_usbhal.o [1]
EPOUTBUF                0x2000e0f0    0x1c  Data  Gb  em_usbhal.o [1]
EPOUTBUFSIZE            0x2000e128    0x1c  Data  Gb  em_usbhal.o [1]
ERASE_CRITICAL_THRESHOLD
                        0x0802dfe4     0x2  Data  Gb  sim-eeprom.o [1]
GetDescriptor           0x0802c759    0x6a  Code  Lc  em_usbdch9.o [1]
HEADER_block$$Base      0x08004000           --   Gb  - Linker created -
HEADER_block$$Limit     0x080040ac           --   Gb  - Linker created -
ID_COUNT                0x0802dfe6     0x2  Data  Gb  sim-eeprom.o [1]
INTERNAL_STORAGE$$Base  0x00000000           --   Gb  - Linker created -
LEFT_BASE               0x0802dfdc     0x2  Data  Gb  sim-eeprom.o [1]
LEFT_TOP                0x0802dfde     0x2  Data  Gb  sim-eeprom.o [1]
Nvdd                    0x2000ea66     0x2  Data  Lc  adc.o [1]
Nvss                    0x2000ea7c     0x2  Data  Lc  adc.o [1]
PTR_CACHE_SIZE          0x0802dfe8     0x2  Data  Gb  sim-eeprom.o [1]
REAL_PAGES_PER_VIRTUAL  0x0802dfd8     0x1  Data  Gb  sim-eeprom.o [1]
REAL_PAGE_SIZE          0x0802dfda     0x2  Data  Gb  sim-eeprom.o [1]
RESETINFO$$Base         0x20000000           --   Gb  - Linker created -
RESETINFO$$Limit        0x20000098           --   Gb  - Linker created -
RIGHT_BASE              0x0802dfe0     0x2  Data  Gb  sim-eeprom.o [1]
RIGHT_TOP               0x0802dfe2     0x2  Data  Gb  sim-eeprom.o [1]
Region$$Table$$Base     0x00000000           --   Gb  - Linker created -
Region$$Table$$Limit    0x00000000           --   Gb  - Linker created -
SC1_UARTCFG_SAVED       0x2000f3dc     0x4  Data  Lc  uart.o [1]
SC1_UARTFRAC_SAVED      0x2000f3d8     0x4  Data  Lc  uart.o [1]
SC1_UARTPER_SAVED       0x2000f3d4     0x4  Data  Lc  uart.o [1]
SIMEE$$Base             0x0807e000           --   Gb  - Linker created -
SIMEE$$Limit            0x08080000           --   Gb  - Linker created -
SetupCmd                0x0802d8d5    0x6a  Code  Gb  callbacks.o [1]
TOKEN_IP_STACK_MAC_EXTENDED_ID_DEFAULTS
                        0x0802e52c     0x8  Data  Gb  token-def.o [1]
TOKEN_IP_STACK_MESH_LOCAL_INTERFACE_ID_DEFAULTS
                        0x0802e524     0x8  Data  Gb  token-def.o [1]
TOKEN_IP_STACK_MULTICAST_SEQUENCE_DEFAULTS
                        0x0802e51c     0x4  Data  Gb  token-def.o [1]
TOKEN_IP_STACK_NODE_DATA_DEFAULTS
                        0x0802e58c     0x4  Data  Gb  token-def.o [1]
TOKEN_IP_STACK_PARENT_LONG_ID_DEFAULTS
                        0x0802e534     0x8  Data  Gb  token-def.o [1]
TOKEN_IP_STACK_SECURITY_SEQUENCE_DEFAULTS
                        0x0802e520     0x4  Data  Gb  token-def.o [1]
TOKEN_IP_STACK_THREAD_DATA_DEFAULTS
                        0x0802e53c    0x50  Data  Gb  token-def.o [1]
TOKEN_MFG_1V8_REG_VOLTAGE
                        0x0802fd30     0x2  Data  Gb  mfg-token.o [1]
TOKEN_MFG_ANALOG_TRIM_BOOST
                        0x0802fd2a     0x2  Data  Gb  mfg-token.o [1]
TOKEN_MFG_ANALOG_TRIM_BOTH
                        0x0802fd2c     0x2  Data  Gb  mfg-token.o [1]
TOKEN_MFG_ANALOG_TRIM_NORMAL
                        0x0802fd28     0x2  Data  Gb  mfg-token.o [1]
TOKEN_MFG_CCA_THRESHOLD
                        0x0802fd3e     0x2  Data  Gb  mfg-token.o [1]
TOKEN_MFG_EUI_64        0x0802fd40     0x2  Data  Gb  mfg-token.o [1]
TOKEN_MFG_FIB_VERSION   0x0802fd34     0x2  Data  Gb  mfg-token.o [1]
TOKEN_MFG_OSC24M_BIAS_TRIM
                        0x0802fd38     0x2  Data  Gb  mfg-token.o [1]
TOKEN_MFG_OSC24M_SETTLE_DELAY
                        0x0802fd3c     0x2  Data  Gb  mfg-token.o [1]
TOKEN_MFG_PHY_CONFIG    0x0802fd36     0x2  Data  Gb  mfg-token.o [1]
TOKEN_MFG_REG_TRIM      0x0802fd2e     0x2  Data  Gb  mfg-token.o [1]
TOKEN_MFG_SYNTH_FREQ_OFFSET
                        0x0802fd3a     0x2  Data  Gb  mfg-token.o [1]
TOKEN_MFG_TEMP_CAL      0x0802fd32     0x2  Data  Gb  mfg-token.o [1]
TOKEN_STACK_BOOT_COUNTER_DEFAULTS
                        0x0802e514     0x4  Data  Gb  token-def.o [1]
TOKEN_STACK_CAL_DATA_DEFAULTS
                        0x0802e590     0x4  Data  Gb  token-def.o [1]
TOKEN_STACK_NONCE_COUNTER_DEFAULTS
                        0x0802e518     0x4  Data  Gb  token-def.o [1]
TOKEN_STACK_NVDATA_VERSION_DEFAULTS
                        0x0802e510     0x2  Data  Gb  token-def.o [1]
UNRETAINED_RAM$$Length  0x00000000           --   Gb  - Linker created -
USBDCH9_SetupCmd        0x0802c715    0x3e  Code  Gb  em_usbdch9.o [1]
USBDEP_Ep0Handler       0x0802c883   0x144  Code  Gb  em_usbdep.o [1]
USBDEP_EpHandler        0x0802c9cf    0xc4  Code  Gb  em_usbdep.o [1]
USBDHAL_Connect         0x0801f3a1    0x20  Code  Gb  em_usbhal.o [1]
USBDHAL_CoreInit        0x0801f3c1    0x34  Code  Gb  em_usbhal.o [1]
USBDHAL_EpIsStalled     0x0800e6fb    0x10  Code  Lc  em_usbd.o [1]
USBDHAL_ReenableEp0Setup
                        0x0802c7cd     0x2  Code  Lc  em_usbdep.o [1]
USBDHAL_StallEp         0x0802c7d5    0x1e  Code  Lc  em_usbdep.o [1]
USBDHAL_StartEp0Setup   0x0802c7c5     0x8  Code  Lc  em_usbdep.o [1]
USBDHAL_StartEp0Setup   0x0802cab9     0xc  Code  Lc  em_usbint.o [1]
USBDHAL_UnStallEp       0x0802cac5    0x20  Code  Lc  em_usbint.o [1]
USBD_ArmEp              0x0800e70b    0x80  Code  Lc  em_usbd.o [1]
USBD_ArmEp              0x0802c7f3    0x5a  Code  Lc  em_usbdep.o [1]
USBD_ArmEp0             0x0802c84d    0x34  Code  Lc  em_usbdep.o [1]
USBD_EpIsBusy           0x0800e7f7    0x1a  Code  Gb  em_usbd.o [1]
USBD_GetEpFromAddr      0x0800e78b    0x38  Code  Lc  em_usbd.o [1]
USBD_GetEpFromAddr      0x0802cae5    0x36  Code  Lc  em_usbint.o [1]
USBD_GetUsbState        0x0800e7ed     0xa  Code  Gb  em_usbd.o [1]
USBD_Init               0x0800e823   0x200  Code  Gb  em_usbd.o [1]
USBD_ReArmEp0           0x0802c881     0x2  Code  Lc  em_usbdep.o [1]
USBD_Read               0x0800ead1    0x94  Code  Gb  em_usbd.o [1]
USBD_SetUsbState        0x0800e7c3    0x2a  Code  Gb  em_usbd.o [1]
USBD_Write              0x0800ea37    0x9a  Code  Gb  em_usbd.o [1]
USBHAL_DisableGlobalInt
                        0x0800e6e1    0x1a  Code  Lc  em_usbd.o [1]
USBTIMER_Init           0x0801f31d    0x6c  Code  Gb  em_usbtimer.o [1]
_Rand_idx               0x2000e468     0x4  Data  Lc  rand.o [3]
_Rand_rv                0x2000e46c    0x80  Data  Lc  rand.o [3]
_Randinit               0x2000e460     0x1  Data  Gb  rand.o [3]
_Randseed               0x2000e464     0x4  Data  Gb  rand.o [3]
__DLIB_PERTHREAD_init$$Base
                        0x080300c8           --   Gb  - Linker created -
__DLIB_PERTHREAD_init$$Length
                        0x00000090           --   Gb  - Linker created -
__DLIB_PERTHREAD_init$$Limit
                        0x08030158           --   Gb  - Linker created -
__aeabi_errno_addr      0x0802c579     0x6  Code  Gb  errno.o [3]
__aeabi_ldiv0           0x0802c43d          Code  Gb  I64DivZer.o [6]
__aeabi_memclr          0x080262ad          Code  Gb  ABImemclr.o [6]
__aeabi_memclr4         0x080074ed          Code  Gb  ABImemclr4.o [6]
__aeabi_memset          0x0800a615          Code  Gb  ABImemset.o [6]
__aeabi_uldivmod        0x0802b6e1          Code  Gb  I64DivMod.o [6]
__iar_Errno             0x2000e4ec     0x4  Data  Gb  errno.o [3]
__iar_Memchr            0x0802c521          Code  Gb  memchr.o [6]
__iar_Memset            0x0800a615          Code  Gb  ABImemset.o [6]
__iar_Memset4_word      0x0800a5e1          Code  Gb  ABImemset48.o [6]
__iar_Memset8_word      0x0800a5e1          Code  Gb  ABImemset48.o [6]
__iar_Memset_word       0x0800a61d          Code  Gb  ABImemset.o [6]
__iar_Stoul             0x0802ba39     0x4  Code  Gb  xstoul.o [3]
__iar_Stoulx            0x0802b8f1   0x142  Code  Gb  xstoul.o [3]
__iar_dlib_perthread_access
                        0x0802c585     0x2  Code  Gb  xtls.o [3]
__iar_strcmp            0x0800ede9          Code  Gb  strcmp_unaligned.o [6]
__iar_unaligned___aeabi_memcpy
                        0x08027001          Code  Gb  ABImemcpy_unaligned.o [6]
__iar_unaligned___aeabi_memcpy4
                        0x08027021          Code  Gb  ABImemcpy_unaligned.o [6]
__iar_unaligned___aeabi_memcpy8
                        0x08027021          Code  Gb  ABImemcpy_unaligned.o [6]
__iar_unaligned_memcmp  0x080271a1          Code  Gb  memcmp_unaligned.o [6]
__iar_unaligned_strcmp  0x0800ede9          Code  Gb  strcmp_unaligned.o [6]
__vector_table          0x08004100    0x90  Data  Gb  cstartup-common.o [1]
_basePriIsDisabled      0x08004b15          Code  Gb  spmr.o [4]
_clearPriMask           0x08007511          Code  Gb  spmr.o [4]
_disableBasePri         0x08004531          Code  Gb  spmr.o [4]
_enableBasePri          0x080087cd          Code  Gb  spmr.o [4]
_executeBarrierInstructions
                        0x08007501          Code  Gb  spmr.o [4]
_macTransmitBuffer      0x2000ff1a    0x80  Data  Gb  mac.o [8]
_setPriMask             0x080074f5          Code  Gb  spmr.o [4]
_writeBasePri           0x0800453d          Code  Gb  spmr.o [4]
abs                     0x0800877d     0x8  Code  Gb  abs.o [3]
acceptLeaseQuery        0x2000e294     0x1  Data  Lc  dhcp.o [8]
acceptParentRequest     0x2000e338     0x1  Data  Lc  mle.o [8]
acceptSolicit           0x2000e295     0x1  Data  Lc  dhcp.o [8]
activeScanHandler       0x0800cbfd   0x266  Code  Lc  join.o [8]
adcCalibrated           0x2000ea63     0x1  Data  Lc  adc.o [1]
adcConfig               0x2000ea74     0x8  Data  Lc  adc.o [1]
adcData                 0x2000ea64     0x2  Data  Lc  adc.o [1]
adcPendingConversion    0x2000ea61     0x1  Data  Lc  adc.o [1]
adcPendingRequests      0x2000ea60     0x1  Data  Lc  adc.o [1]
adcReadingValid         0x2000ea62     0x1  Data  Lc  adc.o [1]
adcReadings             0x2000ea6c     0x8  Data  Lc  adc.o [1]
adcStaticConfig         0x2000ea68     0x2  Data  Lc  adc.o [1]
add32                   0x08023e43    0x14  Code  Lc  ecp_curves.o [8]
add64                   0x08023d77    0x32  Code  Lc  ecp_curves.o [8]
addCommissioner         0x08016d39    0x50  Code  Lc  commission.o [8]
addCookie               0x080298d3   0x12e  Code  Lc  tls-handshake.o [8]
addDatagramBuffer       0x0800fce3    0xd6  Code  Lc  fragment.o [8]
addDelayed              0x0800f8bf    0x6e  Code  Lc  retry.o [8]
addDuid                 0x08020441    0x26  Code  Lc  dhcp.o [8]
addEchoedAddressRegistration
                        0x080144b5    0x2a  Code  Lc  mle.o [8]
addHeader               0x080204bf    0x38  Code  Lc  dhcp.o [8]
addIaaddr               0x08020467    0x32  Code  Lc  dhcp.o [8]
addInt16uTlv            0x08012a79     0xc  Code  Lc  mle.o [8]
addInt32uTlv            0x08012a8f    0x16  Code  Lc  mle.o [8]
addInt8uTlv             0x08012a71     0x8  Code  Lc  mle.o [8]
addMessageHistoryEntry  0x08010f0b    0x20  Code  Lc  coap.o [8]
addPrefixTlv            0x08027469    0x4a  Code  Lc  local-server-data.o [8]
addResponseTlv          0x08012aad    0x1a  Code  Lc  mle.o [8]
addServiceTlv           0x08027265    0x42  Code  Lc  local-server-data.o [8]
addToLength             0x0802989f    0x18  Code  Lc  tls-handshake.o [8]
addVendorOptsHeader     0x08020499    0x26  Code  Lc  dhcp.o [8]
add_count               0x2000fee8     0x4  Data  Lc  ecp.o [8]
addressMatchingEnabled  0x2000e2e3     0x1  Data  Lc  phy-common.o [8]
addressQueryHandler     0x080266dd   0x12a  Code  Lc  address-management.o [8]
addressQueryResponseHandler
                        0x0802667f    0x5e  Code  Lc  address-management.o [8]
addressRegistrationState
                        0x2000f901     0x1  Data  Lc  global-prefix.o [8]
addressReleaseHandler   0x080268e7    0x2e  Code  Lc  address-management.o [8]
addressSolicitHandler   0x08026811    0xd6  Code  Lc  address-management.o [8]
addressTableSearch      0x08015625    0x5c  Code  Lc  child-data.o [8]
adjustListLocation      0x0801078d    0x92  Code  Lc  event-queue.o [8]
adjustLna               0x08006b19     0x8  Code  Lc  analogue-lna.o [8]
adjustVco               0x080067d5    0x22  Code  Lc  analogue-vco.o [8]
afsrBits                0x08028028    0x10  Data  Lc  diagnostic.o [1]
allowIdling             0x2000ffc2     0x1  Data  Lc  event-control.o [8]
amCommissioner          0x2000f5d9     0x1  Data  Lc  commission.o [8]
amGateway               0x2000f5da     0x1  Data  Lc  commission.o [8]
amalgamateQueue         0x2000f73c     0x4  Data  Lc  buffer-management.o [8]
arePageCountersOkay     0x0800786d    0x3e  Code  Lc  sim-eeprom-internal.o [7]
asynchronousHeapLimit   0x2000f740     0x4  Data  Lc  buffer-management.o [8]
attachCommand           0x0801bc77    0x34  Code  Gb  client-implementation.o [1]
attachFailed            0x0800d4f5    0xca  Code  Lc  join.o [8]
attachStateNames        0x0800dc8c    0x20  Data  Gb  join.o [8]
attachToServer          0x0801bc27    0x44  Code  Lc  client-implementation.o [1]
autoAckEnabled          0x2000e2e4     0x1  Data  Lc  phy-common.o [8]
baseHeaderLength        0x08019524    0x10  Data  Lc  mac-header-util.o [8]
baudSettings            0x080091cc    0x14  Data  Gb  uart.o [1]
beaconEvent             0x2000e300     0xc  Data  Lc  association.o [8]
beaconEventActions      0x0802ecb8    0x10  Data  Lc  association.o [8]
beaconEventHandler      0x0802813d    0x30  Code  Lc  association.o [8]
biasTrim                0x2000e29a     0x2  Data  Gb  clocks.o [4]
bitmasks                0x2000e0e9     0x1  Data  Lc  debug-print.o [1]
blacklistEventActions   0x0801b8e0    0x10  Data  Lc  rip-neighbor.o [8]
blacklistEventHandler   0x0801aecd    0x20  Code  Lc  rip-neighbor.o [8]
blacklistEventMarker    0x0801aeed     0x2  Code  Lc  rip-neighbor.o [8]
boostTxPowerMax         0x2000e248     0x8  Data  Gb  analogue.o [8]
bootloadAction          0x2000f3b0     0x1  Data  Lc  tftp-bootloader-server.o [1]
bootloadEraseAddress    0x2000f3bc     0x4  Data  Lc  tftp-bootloader-server.o [1]
borderRouterHandlers    0x08018038    0x48  Data  Lc  commission.o [8]
borderRouterNodeId      0x2000f5f2     0x2  Data  Lc  commission.o [8]
bothTokSerialRegId      0x08005588     0x8  Data  Gb  analogue-cell-bias.o [8]
brGetHandler            0x0801764d     0x2  Code  Lc  commission.o [8]
brKeepAliveHandler      0x080175c3    0x68  Code  Lc  commission.o [8]
brPetitionHandler       0x08017521    0x8c  Code  Lc  commission.o [8]
brRelayTxHandler        0x08017669    0x62  Code  Lc  commission.o [8]
brSetHandler            0x0801764f    0x14  Code  Lc  commission.o [8]
brainpoolP256r1_a       0x0802f54c    0x20  Data  Lc  ecp_curves.o [8]
brainpoolP256r1_b       0x0802f56c    0x20  Data  Lc  ecp_curves.o [8]
brainpoolP256r1_gx      0x0802f58c    0x20  Data  Lc  ecp_curves.o [8]
brainpoolP256r1_gy      0x0802f5ac    0x20  Data  Lc  ecp_curves.o [8]
brainpoolP256r1_n       0x0802f5cc    0x20  Data  Lc  ecp_curves.o [8]
brainpoolP256r1_p       0x0802f52c    0x20  Data  Lc  ecp_curves.o [8]
brainpoolP384r1_a       0x0802f61c    0x30  Data  Lc  ecp_curves.o [8]
brainpoolP384r1_b       0x0802f64c    0x30  Data  Lc  ecp_curves.o [8]
brainpoolP384r1_gx      0x0802f67c    0x30  Data  Lc  ecp_curves.o [8]
brainpoolP384r1_gy      0x0802f6ac    0x30  Data  Lc  ecp_curves.o [8]
brainpoolP384r1_n       0x0802f6dc    0x30  Data  Lc  ecp_curves.o [8]
brainpoolP384r1_p       0x0802f5ec    0x30  Data  Lc  ecp_curves.o [8]
brainpoolP512r1_a       0x0802f74c    0x40  Data  Lc  ecp_curves.o [8]
brainpoolP512r1_b       0x0802f78c    0x40  Data  Lc  ecp_curves.o [8]
brainpoolP512r1_gx      0x0802f7cc    0x40  Data  Lc  ecp_curves.o [8]
brainpoolP512r1_gy      0x0802f80c    0x40  Data  Lc  ecp_curves.o [8]
brainpoolP512r1_n       0x0802f84c    0x40  Data  Lc  ecp_curves.o [8]
brainpoolP512r1_p       0x0802f70c    0x40  Data  Lc  ecp_curves.o [8]
broadcastRetries        0x2000e408     0x1  Data  Lc  jit.o [8]
buff                    0x2000ebf8    0x80  Data  Lc  bootloader-interface-app.o [1]
bufferTracker           0x2000f728     0x2  Data  Lc  buffer-management.o [8]
bufferingMultiplier     0x0802e6a0     0x4  Data  Lc  uart.o [1]
button0State            0x2000ffb4     0x1  Data  Gb  button.o [1]
button1State            0x2000ffb5     0x1  Data  Gb  button.o [1]
cacheParameters         0x0800c515    0x7a  Code  Lc  join.o [8]
calAdcTempOffset        0x2000ffd4     0x1  Data  Lc  phy.o [8]
calAdcTempOffsetValid   0x2000ffd3     0x1  Data  Lc  phy.o [8]
calDisableAdc           0x08006d73     0xc  Code  Gb  caladc.o [4]
calModDacWithPaEnableMask
                        0x2000e2de     0x2  Data  Lc  analogue-mod-dac.o [8]
calModDacWithSpreading  0x2000e2dc     0x1  Data  Lc  analogue-mod-dac.o [8]
calReadAdcAtestAWithSpreading
                        0x080068b3    0xb6  Code  Lc  analogue-mod-dac.o [8]
calReadAdcBlocking      0x08006cfb    0x6c  Code  Gb  caladc.o [4]
calStartAdcConversion   0x08006cc5    0x36  Code  Gb  caladc.o [4]
calStartAndReadAdc      0x08006d67     0xc  Code  Gb  caladc.o [4]
calculateMic            0x0800ef2f    0xa6  Code  Lc  802-15-4-ccm.o [8]
callCommandAction       0x0802b52d   0x168  Code  Lc  command-interpreter2.o [1]
callResponseHandler     0x08010ac3    0x18  Code  Lc  coap.o [8]
callbacks               0x0802e6a4    0x14  Data  Lc  uart.o [1]
cancelEvents            0x08010719    0x10  Code  Lc  event-queue.o [8]
capabilityBytes         0x2000e34c     0x8  Data  Lc  mle.o [8]
ccaAttempt              0x2000f870     0x1  Data  Lc  phy-common.o [8]
cfsrBits                0x08027fc0    0x68  Data  Lc  diagnostic.o [1]
challenges16u           0x2000f924    0x10  Data  Lc  mle.o [8]
charDowncase            0x0802b51f     0xe  Code  Lc  command-interpreter2.o [1]
checkForSimEe2DataExistence
                        0x080078ab    0x5a  Code  Gb  sim-eeprom-internal.o [7]
checkScores             0x08018805    0xa2  Code  Lc  network-data.o [8]
checksum                0x080263a3    0x6c  Code  Lc  transport-header.o [8]
childAgingEvent         0x2000e39c     0xc  Data  Lc  child-aging.o [8]
childAgingEventActions  0x0802ef00    0x10  Data  Lc  child-aging.o [8]
childAgingEventHandler  0x08018fad   0x11a  Code  Lc  child-aging.o [8]
childFrameCounters      0x2000ef8c    0x40  Data  Lc  ember-ip-configuration.o [1]
childIdCounter          0x2000e30e     0x2  Data  Lc  child-data.o [8]
childIdTable            0x2000ee60    0x24  Data  Lc  ember-ip-configuration.o [1]
childIsExpectingMessageBitField
                        0x2000fec4     0x4  Data  Lc  mac-indirect.o [8]
childJitMessage         0x0801f1df    0x7c  Code  Lc  jit.o [8]
[...]
reportCommand           0x0801bd99     0xe  Code  Gb  client-implementation.o [1]
reportDataToServer      0x0801bcf5    0x9e  Code  Lc  client-implementation.o [1]
requestFailed           0x08020b49    0x96  Code  Lc  dhcp.o [8]
resendFlight            0x0801fd35    0x30  Code  Lc  dtls.o [8]
resetNetworkRetries     0x2000f4c8     0x4  Data  Lc  ip-stack.o [8]
resetNetworkState       0x0800b03f    0x8e  Code  Lc  ip-stack.o [8]
resetNetworkStateEvent  0x2000e288     0xc  Data  Lc  ip-stack.o [8]
resetNetworkStateEventActions
                        0x0802ea88    0x10  Data  Lc  ip-stack.o [8]
resetNetworkStateEventHandler
                        0x0800b0d7    0x4c  Code  Lc  ip-stack.o [8]
responseMap             0x08011450    0xd0  Data  Lc  coap.o [8]
restartAttach           0x0800d4b5    0x16  Code  Lc  join.o [8]
retryEntries            0x2000f934    0x40  Data  Lc  retry.o [8]
retryEvent              0x2000e360     0xc  Data  Lc  retry.o [8]
retryEventActions       0x08021454    0x10  Data  Lc  dhcp.o [8]
retryEventActions       0x0802ee4c    0x10  Data  Lc  retry.o [8]
retryEventHandler       0x08010adb    0x4c  Code  Lc  coap.o [8]
retryEventHandler       0x08020c2b    0x4a  Code  Lc  dhcp.o [8]
retryEventHandler       0x0800fa2b    0x84  Code  Lc  retry.o [8]
retryEventMarker        0x08010a09     0x6  Code  Lc  coap.o [8]
retryEventMarker        0x08020c75     0x6  Code  Lc  dhcp.o [8]
retryEventPredicate     0x0802096f    0x10  Code  Lc  dhcp.o [8]
retryEventPredicate     0x0801ec0b    0x26  Code  Lc  coap-soc.o [8]
reverseMemCopy          0x0800ee79    0x1a  Code  Lc  802-15-4-ccm.o [8]
rhoActive               0x2000ffd7     0x1  Data  Lc  phy.o [8]
ripAgeEvent             0x2000e37c     0xc  Data  Lc  rip.o [8]
ripAgeEventActions      0x0802ee8c    0x10  Data  Lc  rip.o [8]
ripAgeEventHandler      0x080122d3    0xac  Code  Lc  rip.o [8]
ripUpdateNextHop        0x0801a68d   0x2b4  Code  Lc  dispatch.o [8]
rmwRadioPowerCfgReg     0x080065e9    0x44  Code  Lc  micro.o [1]
rmwRadioPowerOutReg     0x0800662d    0x3e  Code  Lc  micro.o [1]
routerSelectionEvent    0x2000e3b0     0xc  Data  Lc  router-selection.o [8]
routerSelectionEventActions
                        0x0802ef24    0x10  Data  Lc  router-selection.o [8]
routerSelectionEventHandler
                        0x0801ee1d   0x168  Code  Lc  router-selection.o [8]
rssiCache               0x2000f468     0x1  Data  Lc  join.o [8]
rxBuffer                0x2000f4d8   0x100  Data  Lc  debug-jtag.o [8]
rxBuffer                0x2000f758   0x114  Data  Lc  phy.o [8]
sampleVcoTune           0x08006969    0x46  Code  Gb  analogue-mod-dac.o [8]
savedAssertInfo         0x2000ed20     0x8  Data  Lc  cstartup-common.o [1]
savedControl            0x2000f700          Data  Gb  context-switch.o [4]
savedMSP                0x2000f6f8          Data  Gb  context-switch.o [4]
savedPSP                0x2000f6fc          Data  Gb  context-switch.o [4]
savedPeripheralReg      0x2000ee28     0x4  Data  Gb  em_usbhal.o [1]
savedResetCause         0x2000ed28     0x2  Data  Lc  cstartup-common.o [1]
savedScanType           0x2000f6d6     0x1  Data  Lc  scan.o [8]
scanChannelMask         0x2000f6f0     0x4  Data  Lc  scan.o [8]
scanDuration            0x2000f6d7     0x1  Data  Lc  scan.o [8]
scanEventActions        0x0802eb9c    0x10  Data  Lc  scan.o [8]
scanEventHandler        0x0801d991   0x10c  Code  Lc  scan.o [8]
scanFrameCounter        0x2000f6e4     0x4  Data  Lc  scan.o [8]
scanReturn              0x0801d965    0x2c  Code  Lc  scan.o [8]
scanStartTime           0x2000f6e8     0x4  Data  Lc  scan.o [8]
scanTable               0x0802e24c    0x40  Data  Lc  thread-cli.o [1]
scanTransmitRetries     0x2000f6d8     0x1  Data  Lc  scan.o [8]
scheduleEvent           0x08015cef    0x3c  Code  Lc  global-prefix.o [8]
scheduleEvent           0x08018ee3    0x42  Code  Lc  child-aging.o [8]
secondsSinceLastPollResponse
                        0x2000fea4     0x4  Data  Lc  child-aging.o [8]
secp192k1_a             0x0802f3d8     0x4  Data  Lc  ecp_curves.o [8]
secp192k1_b             0x0802f3dc     0x4  Data  Lc  ecp_curves.o [8]
secp192k1_gx            0x0802f3e0    0x18  Data  Lc  ecp_curves.o [8]
secp192k1_gy            0x0802f3f8    0x18  Data  Lc  ecp_curves.o [8]
secp192k1_n             0x0802f410    0x18  Data  Lc  ecp_curves.o [8]
secp192k1_p             0x0802f3c0    0x18  Data  Lc  ecp_curves.o [8]
secp192r1_b             0x0802f024    0x18  Data  Lc  ecp_curves.o [8]
secp192r1_gx            0x080247d8    0x18  Data  Lc  ecp_curves.o [8]
secp192r1_gy            0x0802f03c    0x18  Data  Lc  ecp_curves.o [8]
secp192r1_n             0x0802f054    0x18  Data  Lc  ecp_curves.o [8]
secp192r1_p             0x080247f0    0x18  Data  Lc  ecp_curves.o [8]
secp224k1_a             0x0802f444     0x4  Data  Lc  ecp_curves.o [8]
secp224k1_b             0x0802f448     0x4  Data  Lc  ecp_curves.o [8]
secp224k1_gx            0x0802f44c    0x1c  Data  Lc  ecp_curves.o [8]
secp224k1_gy            0x0802f468    0x1c  Data  Lc  ecp_curves.o [8]
secp224k1_n             0x0802f484    0x20  Data  Lc  ecp_curves.o [8]
secp224k1_p             0x0802f428    0x1c  Data  Lc  ecp_curves.o [8]
secp224r1_b             0x0802f06c    0x1c  Data  Lc  ecp_curves.o [8]
secp224r1_gx            0x0802f088    0x1c  Data  Lc  ecp_curves.o [8]
secp224r1_gy            0x0802f0a4    0x1c  Data  Lc  ecp_curves.o [8]
secp224r1_n             0x0802f0c0    0x1c  Data  Lc  ecp_curves.o [8]
secp224r1_p             0x0802481c    0x20  Data  Lc  ecp_curves.o [8]
secp256k1_a             0x0802f4c4     0x4  Data  Lc  ecp_curves.o [8]
secp256k1_b             0x0802f4c8     0x4  Data  Lc  ecp_curves.o [8]
secp256k1_gx            0x0802f4cc    0x20  Data  Lc  ecp_curves.o [8]
secp256k1_gy            0x0802f4ec    0x20  Data  Lc  ecp_curves.o [8]
secp256k1_n             0x0802f50c    0x20  Data  Lc  ecp_curves.o [8]
secp256k1_p             0x0802f4a4    0x20  Data  Lc  ecp_curves.o [8]
secp256r1_b             0x0802f0fc    0x20  Data  Lc  ecp_curves.o [8]
secp256r1_gx            0x0802f11c    0x20  Data  Lc  ecp_curves.o [8]
secp256r1_gy            0x0802f13c    0x20  Data  Lc  ecp_curves.o [8]
secp256r1_n             0x0802f15c    0x20  Data  Lc  ecp_curves.o [8]
secp256r1_p             0x0802f0dc    0x20  Data  Lc  ecp_curves.o [8]
secp384r1_b             0x0802f1ac    0x30  Data  Lc  ecp_curves.o [8]
secp384r1_gx            0x0802f1dc    0x30  Data  Lc  ecp_curves.o [8]
secp384r1_gy            0x0802f20c    0x30  Data  Lc  ecp_curves.o [8]
secp384r1_n             0x0802f23c    0x30  Data  Lc  ecp_curves.o [8]
secp384r1_p             0x0802f17c    0x30  Data  Lc  ecp_curves.o [8]
secp521r1_b             0x0802f2b0    0x44  Data  Lc  ecp_curves.o [8]
secp521r1_gx            0x0802f2f4    0x44  Data  Lc  ecp_curves.o [8]
secp521r1_gy            0x0802f338    0x44  Data  Lc  ecp_curves.o [8]
secp521r1_n             0x0802f37c    0x44  Data  Lc  ecp_curves.o [8]
secp521r1_p             0x0802f26c    0x44  Data  Lc  ecp_curves.o [8]
seed0                   0x2000e1f0     0x2  Data  Gb  random.o [1]
seed1                   0x2000e1f2     0x2  Data  Gb  random.o [1]
sendAccept              0x08013a39   0x1aa  Code  Lc  mle.o [8]
sendChangeCipherSpec    0x0802a37f    0x2a  Code  Lc  tls-handshake.o [8]
sendClientHelloHandler  0x08029767   0x11e  Code  Lc  tls-handshake.o [8]
sendClientKeyExchange   0x0802a2a3    0xd2  Code  Lc  tls-handshake.o [8]
sendCommissionerStatus  0x08016a47    0xb2  Code  Lc  commission.o [8]
sendDhcpAddressRequest  0x08020501    0xca  Code  Lc  dhcp.o [8]
sendDhcpMessage         0x08020c7b    0xd8  Code  Lc  dhcp.o [8]
sendDtlsRecords         0x0801fc29    0x5a  Code  Lc  dtls.o [8]
sendFinished            0x0802a3a9    0x52  Code  Lc  tls-handshake.o [8]
sendHelloRequest        0x080296e7    0x22  Code  Lc  tls-handshake.o [8]
sendKeepalive           0x08017b91    0x40  Code  Lc  commission.o [8]
sendMleReject           0x0801474f    0x48  Code  Lc  mle.o [8]
sendOkayToSend          0x08028ed3    0x66  Code  Lc  tftp-bootloader-server.o [1]
sendOneHopMleMessage    0x08013cd9    0x20  Code  Lc  mle.o [8]
sendOutput              0x0800942f    0xca  Code  Lc  debug-jtag.o [8]
sendRecord              0x0802ac07   0x11e  Code  Lc  tls-ccm-record.o [8]
sendResponse            0x08011097    0x50  Code  Lc  coap.o [8]
sendServerHello         0x08029edf   0x102  Code  Lc  tls-handshake.o [8]
sendServerHelloDone     0x0802a051    0x2a  Code  Lc  tls-handshake.o [8]
sendServerKeyExchange   0x0802a02b    0x18  Code  Lc  tls-handshake.o [8]
sendToLeaderWithHandlerData
                        0x080173d5    0x6e  Code  Lc  commission.o [8]
sequenceNumber          0x2000ffce     0x1  Data  Lc  debug-jtag.o [8]
serialRegData           0x2000f3e0    0x24  Data  Gb  analogue.o [8]
server                  0x2000ec8c    0x10  Data  Lc  client-implementation.o [1]
serverAdvertiseUri      0x0801c1a8    0x14  Data  Lc  client-implementation.o [1]
serverIdentity          0x08011ee4     0x8  Data  Gb  jpake-ecc-mbedtls.o [8]
serverKey               0x2000f604    0x10  Data  Lc  dtls-join.o [8]
serverKeyLength         0x2000f602     0x1  Data  Lc  dtls-join.o [8]
servicesState           0x2000f5f4     0x1  Data  Lc  local-server-data.o [8]
sessionId               0x2000f5ee     0x2  Data  Lc  commission.o [8]
setAttachState          0x0800d4cb    0x24  Code  Lc  join.o [8]
setDestinationMode      0x0800c197    0x24  Code  Lc  ip-packet-header.o [8]
setJoinState            0x0800c85f    0x24  Code  Lc  join.o [8]
setLifetime             0x08015ffd    0x2e  Code  Lc  global-prefix.o [8]
setMleAdvertisementDelay
                        0x080121ef    0x4e  Code  Lc  rip.o [8]
setNewOrRestoreOldGenerator
                        0x08011dc3    0x9a  Code  Lc  jpake-ecc-mbedtls.o [8]
setNextStateWithDelay   0x0801bedd     0xa  Code  Lc  client-implementation.o [1]
setPendingIndirectFlag  0x0800f37b    0x4c  Code  Lc  mac-indirect.o [8]
setTxStepTime           0x08004587    0x38  Code  Lc  analogue.o [8]
setUnreachabilityTimer  0x08012269    0x14  Code  Lc  rip.o [8]
setUpNextNoteOrStop     0x0802c5b3    0x5a  Code  Lc  buzzer.o [1]
setupNextJoinState      0x0800cf11    0x38  Code  Lc  join.o [8]
sharedKey               0x0802f890    0x10  Data  Gb  tls-test-credentials.o [8]
sharedKeyName           0x0802f88c     0x1  Data  Gb  tls-test-credentials.o [8]
shift                   0x0800879d    0x10  Code  Lc  random.o [1]
simEe2offset            0x2000f6f4     0x4  Data  Gb  sim-eeprom-internal.o [7]
simEeErasePage          0x08007813    0x16  Code  Lc  sim-eeprom-internal.o [7]
simEeSetDataActiveSemaphore
                        0x2000ffbd     0x1  Data  Gb  token.o [1]
simulatedEepromStorage  0x0807e000  0x2000  Data  Gb  sim-eeprom.o [1]
sizeCache               0x0802dfec     0xc  Data  Gb  sim-eeprom.o [1]
skipOverNotLive         0x08009c3f    0x16  Code  Lc  buffer-management.o [8]
sleepTimerInterruptOccurred
                        0x2000ffc6     0x1  Data  Gb  system-timer.o [4]
sleepyBroadcastEvent    0x2000e40c     0xc  Data  Lc  jit.o [8]
sleepyBroadcastEventActions
                        0x0802efcc    0x10  Data  Lc  jit.o [8]
sleepyBroadcastEventHandler
                        0x0801f155    0x30  Code  Lc  jit.o [8]
socCoapMessageHandler   0x0801ec57    0x2c  Code  Lc  coap-soc.o [8]
sortTlvs                0x08018929    0x62  Code  Lc  network-data.o [8]
spreadModDac1           0x2000ff0e     0x2  Data  Gb  analogue-mod-dac.o [8]
spreadModDac2           0x2000ff10     0x2  Data  Gb  analogue-mod-dac.o [8]
stackEvents             0x0800b480     0x8  Data  Lc  ip-stack.o [8]
startAttach             0x0800d4a3    0x12  Code  Lc  join.o [8]
startChannelScan        0x0801db49    0x80  Code  Lc  scan.o [8]
startDiscovery          0x080164bf    0x3c  Code  Lc  address-cache.o [8]
startFormActiveScan     0x0800d2a7    0x38  Code  Lc  join.o [8]
startFragmentIfJoinFails
                        0x2000f46f     0x1  Data  Lc  join.o [8]
startHostJoinClient     0x2000f484     0x4  Data  Lc  join.o [8]
startJoin               0x0800c72b    0x54  Code  Lc  join.o [8]
startMessageTimeout     0x0801fbf5    0x2a  Code  Gb  dtls.o [8]
startNextConversion     0x080041f9    0x5e  Code  Gb  adc.o [1]
state                   0x2000ec81     0x1  Data  Lc  client-implementation.o [1]
stateActions            0x0802a9dc   0x168  Data  Lc  tls-handshake.o [8]
stateChange             0x0802d93f    0x1c  Code  Gb  callbacks.o [1]
stateEventControl       0x2000ec84     0x8  Data  Gb  client-implementation.o [1]
stateEventHandler       0x0801be55    0x80  Code  Gb  client-implementation.o [1]
statsTable              0x2000f40c     0xc  Data  Lc  debug.o [8]
statusReports           0x0801fbec     0x8  Data  Lc  connection.o [8]
steeringData            0x2000f5dc    0x10  Data  Lc  commission.o [8]
steeringDataHandler     0x08016e6b    0x4a  Code  Lc  commission.o [8]
steeringDataLength      0x2000f5d8     0x1  Data  Lc  commission.o [8]
steeringDataOp          0x080166b1    0xb2  Code  Lc  commission.o [8]
steeringTable           0x0802e28c    0x30  Data  Lc  thread-cli.o [1]
storeMulticastOption    0x08028313    0x3a  Code  Lc  ip-header.o [8]
storeOptionAndLength    0x08010b8b    0x7a  Code  Lc  coap.o [8]
stringToIp              0x08021717   0x116  Code  Lc  command-interpreter2-util.o [1]
strings                 0x0802e690    0x10  Data  Lc  uart.o [1]
strlen                  0x08027205          Code  Gb  strlen.o [6]
strncmp                 0x0802723b    0x2a  Code  Gb  strncmp.o [3]
sub32                   0x08023e57    0x18  Code  Lc  ecp_curves.o [8]
submitCount             0x2000f975     0x1  Data  Lc  retry.o [8]
submitMessage           0x0801e8fd    0x4e  Code  Lc  coap-soc.o [8]
successTlv              0x08017088     0x4  Data  Lc  commission.o [8]
tcpStatusNames          0x0801fbc4    0x28  Data  Gb  connection.o [8]
theKeyData              0x2000f624    0xb0  Data  Lc  distributed-key-management.o [8]
theSharedKey            0x0802f8a0    0x10  Data  Lc  tls-test-credentials.o [8]
ticksPr100us            0x2000ee3c     0x4  Data  Lc  em_usbtimer.o [1]
ticksPr10us             0x2000ee38     0x4  Data  Lc  em_usbtimer.o [1]
ticksPr1us              0x2000ee34     0x4  Data  Lc  em_usbtimer.o [1]
ticksPrMs               0x2000ee30     0x4  Data  Lc  em_usbtimer.o [1]
timeoutPools            0x0800f7a7    0xb2  Code  Lc  mac-indirect.o [8]
tlsHandshakeName        0x0802b0a5     0xe  Code  Gb  tls-debug.o [8]
tlsHandshakeNames       0x0802b0c4    0x54  Data  Lc  tls-debug.o [8]
tlsStateName            0x0802b0b9     0x4  Code  Gb  tls-debug.o [8]
tlsStateNames           0x0802b118    0x80  Data  Lc  tls-debug.o [8]
tlvBit                  0x080128f7    0x14  Code  Lc  mle.o [8]
tlvData                 0x080165c0    0xf0  Data  Lc  commission.o [8]
tlvData                 0x08026f78    0x40  Data  Lc  address-management.o [8]
tlvRanges               0x080165b8     0x8  Data  Lc  commission.o [8]
tlvRequested            0x0801291f    0x14  Code  Lc  mle.o [8]
tokenArraySize          0x0802e504     0xc  Data  Gb  token-def.o [1]
tokenCreators           0x0802e4d4    0x18  Data  Gb  token-def.o [1]
tokenDefaults           0x0802e594    0x2c  Data  Gb  token-def.o [1]
tokenIsCnt              0x0802e4ec     0xc  Data  Gb  token-def.o [1]
tokenPredicate          0x08010a23    0x14  Code  Lc  coap.o [8]
tokenSize               0x0802e4f8     0xc  Data  Gb  token-def.o [1]
tokensActive            0x2000ffbc     0x1  Data  Gb  token.o [1]
tracePhase              0x2000f720     0x1  Data  Lc  buffer-management.o [8]
transmitComplete        0x0801a3f1    0xda  Code  Lc  dispatch.o [8]
transmitQueue           0x2000f910     0x2  Data  Lc  mac-arbiter.o [8]
trickleExponent         0x2000e36c     0x1  Data  Lc  rip.o [8]
tuneDone                0x2000e0e8     0x1  Data  Gb  buzzer.o [1]
tunePos                 0x2000ec78     0x1  Data  Gb  buzzer.o [1]
txBuffer                0x2000f408     0x4  Data  Lc  debug.o [8]
txBufferLength          0x2000f406     0x1  Data  Lc  debug.o [8]
txBufferSize            0x2000f405     0x1  Data  Lc  debug.o [8]
txHeaderLength          0x0802ab83    0x14  Code  Lc  tls-ccm-record.o [8]
txPower                 0x08004ac4    0x28  Data  Gb  analogue.o [8]
txStepTimeSnapshot      0x2000f872     0x2  Data  Lc  phy-common.o [8]
typeAndPortEnabled      0x0800b489    0x16  Code  Lc  log.o [8]
typeMap                 0x08011520    0x20  Data  Lc  coap.o [8]
uartErrorMark           0x08009127    0x3c  Code  Lc  uart.o [1]
udpListenCommand        0x0802d5e9    0x34  Code  Gb  udp-cli.o [1]
udpSendCommand          0x0802d61d    0x68  Code  Gb  udp-cli.o [1]
udpStatusHandler        0x0801dca3    0x20  Code  Lc  dtls-join.o [8]
udpTable                0x0802e3cc    0x30  Data  Lc  thread-cli.o [1]
unicastHead             0x2000fed0     0x1  Data  Lc  unicast-table.o [8]
unicastTableEvent       0x2000e418     0xc  Data  Lc  unicast-table.o [8]
unicastTableEventActions
                        0x0802efec    0x10  Data  Lc  unicast-table.o [8]
unicastTableEventHandler
                        0x080152e5    0x2a  Code  Lc  unicast-table.o [8]
updateTables            0x08014c1f    0x7a  Code  Lc  mle.o [8]
uriHandlers             0x080172e0    0x54  Data  Lc  commission.o [8]
uriHandlers             0x08026fb8    0x48  Data  Lc  address-management.o [8]
usbBufferA              0x2000e4f0   0x570  Data  Gb  em_usbhal.o [1]
usbForceTxData          0x0800ec19    0x28  Code  Gb  em_usbd.o [1]
usbTxData               0x0800ebf5    0x24  Code  Gb  em_usbd.o [1]
usbVbusPresent          0x2000ffb6     0x1  Data  Gb  em_usbhal.o [1]
useOsc32k               0x2000ffb9     0x1  Data  Gb  micro-common.o [1]
useXtalAsIs             0x2000ffcc     0x1  Data  Lc  clocks.o [4]
useXtalSysTickIsr       0x2000ffc9     0x1  Data  Gb  clocks.o [4]
userData                0x2000f738     0x4  Data  Lc  buffer-management.o [8]
userDataCount           0x2000f726     0x2  Data  Lc  buffer-management.o [8]
vbusMonCfg              0x0801f3f5    0x40  Code  Gb  em_usbhal.o [1]
vcoLastTuneValueAvailable
                        0x2000f8f5     0x1  Data  Gb  analogue-vco.o [8]
vcoTuneModDacError      0x080069af    0x24  Code  Lc  analogue-mod-dac.o [8]
verifyAppBlVersion      0x0802bb21    0x1c  Code  Lc  bootloader-interface-app.o [1]
verifyFib               0x0800a67d    0x24  Code  Lc  flash.o [4]
verifyLocalServerData   0x080275cb    0xbe  Code  Lc  local-server-data.o [8]
verifyNonExistentAddress
                        0x08012ac7    0xa8  Code  Gb  mle.o [8]
verifyZeroKnowledgeProof
                        0x08011cff    0xbc  Code  Lc  jpake-ecc-mbedtls.o [8]
versionTypeNames        0x0801f4e8    0x18  Data  Lc  version-debug.o [1]
wakeupXtalState         0x2000ffcb     0x1  Data  Gb  clocks.o [4]
writeHelloStart         0x0802967d    0x4c  Code  Lc  tls-handshake.o [8]
writeKeysToToken        0x08014eb5    0x62  Code  Lc  distributed-key-management.o [8]
writePageCounters       0x08007e7b    0x7c  Code  Lc  sim-eeprom-internal.o [7]
writeSessionId          0x080296c9    0x1e  Code  Lc  tls-handshake.o [8]
writeTlsRecordHeader    0x0802ab45    0x3e  Code  Lc  tls-ccm-record.o [8]
writeTokenBlockData     0x08007771    0x58  Code  Lc  sim-eeprom-internal.o [7]
wrongMessage            0x0802a503     0xc  Code  Lc  tls-handshake.o [8]
xtalAboveLoThresholdUs  0x2000e298     0x2  Data  Gb  clocks.o [4]
xtalUnstable            0x2000ffca     0x1  Data  Gb  clocks.o [4]


[1] = C:\SiliconLabs\Thread-1.0.1\app\Thread_Sample_Client\build\obj
[2] = command line
[3] = dl7M_tln.a
[4] = hal-library.a
[5] = m7M_tl.a
[6] = rt7M_tl.a
[7] = sim-eeprom1-library.a
[8] = thread-stack.a

  169 930 bytes of readonly  code memory
   10 552 bytes of readonly  data memory
   26 105 bytes of readwrite data memory

Errors: none
Warnings: none
